Archive member included to satisfy reference by file (symbol)

include_lib/liba/dv17/libcommon.a(errno.c.o)
                              obj/Release/apps/ipc_doorbell/wifi/rt_talk_net.o (symbol from plugin) (__errno)
include_lib/liba/dv17/libcommon.a(Vsnprintf.c.o)
                              obj/Release/apps/ipc_doorbell/video_rec.o (symbol from plugin) (snprintf)
include_lib/liba/dv17/libcommon.a(time.c.o)
                              obj/Release/apps/ipc_doorbell/wifi/avsdk/ut_dev_ipc_cmd.o (symbol from plugin) (time)
include_lib/liba/dv17/libcommon.a(asprintf.c.o)
                              obj/Release/apps/common/product_test_tool/devices_control.o (symbol from plugin) (asprintf)
include_lib/liba/dv17/libcommon.a(mktime.c.o)
                              time.c.o (symbol from plugin) (mktime)
include_lib/liba/dv17/libcommon.a(version.z.o)
                              (lib_common_version)
include_lib/liba/dv17/librtos.a(port.c.o)
                              obj/Release/apps/ipc_doorbell/wifi/cloud_interface/cloud_playback.o (symbol from plugin) (vPortYield)
include_lib/liba/dv17/librtos.a(os_api.c.o)
                              obj/Release/cpu/DV17/setup.o (symbol from plugin) (os_start)
include_lib/liba/dv17/librtos.a(port_asm.S.o)
                              port.c.o (symbol from plugin) (vSoftwareInterruptISR)
include_lib/liba/dv17/librtos.a(version.z.o)
                              (lib_rtos_version)
include_lib/liba/dv17/librtos.a(event_groups.c.o)
                              os_api.c.o (symbol from plugin) (xEventGroupCreate)
include_lib/liba/dv17/librtos.a(list.c.o)
                              event_groups.c.o (symbol from plugin) (vListInitialise)
include_lib/liba/dv17/librtos.a(queue.c.o)
                              os_api.c.o (symbol from plugin) (xQueueGenericReset)
include_lib/liba/dv17/librtos.a(tasks.c.o)
                              os_api.c.o (symbol from plugin) (xTaskCreateStatic)
include_lib/liba/dv17/librtos.a(port_overwrite.c.o)
                              tasks.c.o (symbol from plugin) (suppress_tick_and_sleep)
include_lib/liba/dv17/librtos.a(main.c.o)
                              tasks.c.o (symbol from plugin) (vApplicationIdleHook)
include_lib/liba/dv17/librtos.a(croutine.c.o)
                              queue.c.o (symbol from plugin) (vCoRoutineAddToDelayedList)
include_lib/liba/dv17/libsdx.a(module_sd1.c.o)
                              obj/Release/apps/ipc_doorbell/video_rec.o (symbol from plugin) (sd1_out_timeout)
include_lib/liba/dv17/libsdx.a(sdmmc_init.c.o)
                              module_sd1.c.o (symbol from plugin) (sd1_init)
include_lib/liba/dv17/libsdx.a(sd_host_args.c.o)
                              module_sd1.c.o (symbol from plugin) (sd1_cmd_detect)
include_lib/liba/dv17/libsdx.a(sd_host_init.c.o)
                              sdmmc_init.c.o (symbol from plugin) (sd1_host_init)
include_lib/liba/dv17/libsdx.a(sd_host_mount.c.o)
                              sdmmc_init.c.o (symbol from plugin) (sd1_mount)
include_lib/liba/dv17/libsdx.a(sd_host_read_end.c.o)
                              module_sd1.c.o (symbol from plugin) (sd1_read_end)
include_lib/liba/dv17/libsdx.a(sd_host_unmount.c.o)
                              module_sd1.c.o (symbol from plugin) (sd1_unmount)
include_lib/liba/dv17/libsdx.a(sd_host_write.c.o)
                              module_sd1.c.o (symbol from plugin) (sd1_flush)
include_lib/liba/dv17/libsdx.a(sd_host_write_end.c.o)
                              module_sd1.c.o (symbol from plugin) (sd1_write_end)
include_lib/liba/dv17/libsdx.a(sd_init.c.o)
                              sd_host_mount.c.o (symbol from plugin) (sd1_init_card)
include_lib/liba/dv17/libsdx.a(mmc_host_send_rca.c.o)
                              sd_init.c.o (symbol from plugin) (mmc1_host_send_rca)
include_lib/liba/dv17/libsdx.a(sd_host_all_send_cid.c.o)
                              sd_init.c.o (symbol from plugin) (sd1_host_all_send_cid)
include_lib/liba/dv17/libsdx.a(sd_host_reset.c.o)
                              sd_init.c.o (symbol from plugin) (sd1_host_reset)
include_lib/liba/dv17/libsdx.a(sd_host_send_csd.c.o)
                              sd_init.c.o (symbol from plugin) (sd1_host_send_csd)
include_lib/liba/dv17/libsdx.a(sd_host_send_if_cond.c.o)
                              sd_init.c.o (symbol from plugin) (sd1_host_send_if_cond)
include_lib/liba/dv17/libsdx.a(sd_host_send_rca.c.o)
                              sd_init.c.o (symbol from plugin) (sd1_host_send_rca)
include_lib/liba/dv17/libsdx.a(sd_host_stop_trans.c.o)
                              sd_host_write.c.o (symbol from plugin) (sd1_host_stop_trans)
include_lib/liba/dv17/libsdx.a(sd_select_card.c.o)
                              sd_init.c.o (symbol from plugin) (sd1_select_card)
include_lib/liba/dv17/libsdx.a(sdmmc_det.c.o)
                              module_sd1.c.o (symbol from plugin) (sd1_is_online)
include_lib/liba/dv17/libsdx.a(sd_chk_ctl.c.o)
[...]
Memory Configuration

Name             Origin             Length             Attributes
rom              0x00000000         0x00400000         xr
sdram_mem        0x04000000         0x02000000         xrw
ram0             0x03f00000         0x00017000         xrw
*default*        0x00000000         0xffffffff

Linker script and memory map

LOAD obj/Release/apps/common/chip_test/audio_test.o
LOAD cpu\dv17\tools\sdk.elf.o
LOAD obj/Release/apps/common/face_detect/face_detect_app.o
LOAD obj/Release/apps/common/face_detect/face_icon.o
LOAD obj/Release/apps/common/product_test_tool/communication.o
LOAD obj/Release/apps/common/product_test_tool/devices_control.o
LOAD obj/Release/apps/common/product_test_tool/product_main.o
LOAD obj/Release/apps/common/product_test_tool/product_port.o
LOAD obj/Release/apps/common/user_tools/auto_test.o
LOAD obj/Release/apps/common/user_tools/upgrade.o
LOAD obj/Release/apps/common/user_tools/usb_cam_h264.o
LOAD obj/Release/apps/common/user_tools/user_isp_cfg.o
LOAD obj/Release/apps/common/user_tools/user_scr_cfg.o
LOAD obj/Release/apps/common/user_tools/user_scr_draw.o
LOAD obj/Release/apps/common/user_tools/user_scr_tool.o
LOAD obj/Release/apps/cpp_run_init.o
LOAD obj/Release/apps/cxx_runtime.o
LOAD obj/Release/apps/debug.o
LOAD obj/Release/apps/demos/aac_dec_test.o
LOAD obj/Release/apps/demos/aac_enc_test.o
LOAD obj/Release/apps/demos/aecfix_test.o
LOAD obj/Release/apps/demos/mpu_test.o
LOAD obj/Release/apps/demos/play_usb_mic.o
LOAD obj/Release/apps/demos/play_usb_speaker.o
LOAD obj/Release/apps/demos/softosd.o
LOAD obj/Release/apps/demos/test_audio.o
LOAD obj/Release/apps/demos/usb_host_user.o
LOAD obj/Release/apps/flash_write_protect.o
LOAD obj/Release/apps/fontinit.o
LOAD obj/Release/apps/ipc_doorbell/app_database.o
LOAD obj/Release/apps/ipc_doorbell/app_main.o
LOAD obj/Release/apps/ipc_doorbell/backlight.o
LOAD obj/Release/apps/ipc_doorbell/device_mount.o
LOAD obj/Release/apps/ipc_doorbell/gsensor/da380.o
LOAD obj/Release/apps/ipc_doorbell/gsensor/gma301.o
LOAD obj/Release/apps/ipc_doorbell/gsensor/gSensor_manage.o
LOAD obj/Release/apps/ipc_doorbell/gsensor/msa300.o
LOAD obj/Release/apps/ipc_doorbell/gsensor/stk8312.o
LOAD obj/Release/apps/ipc_doorbell/key_voice.o
LOAD obj/Release/apps/ipc_doorbell/mortor_control_driver.o
LOAD obj/Release/apps/ipc_doorbell/parking_detect.o
LOAD obj/Release/apps/ipc_doorbell/play_usb_mic.o
LOAD obj/Release/apps/ipc_doorbell/play_usb_speaker.o
LOAD obj/Release/apps/ipc_doorbell/touch_panel/GT911.o
LOAD obj/Release/apps/ipc_doorbell/touch_panel/GT911_B.o
LOAD obj/Release/apps/ipc_doorbell/touch_panel/touch_panel_manager.o
LOAD obj/Release/apps/ipc_doorbell/ui/style_JL02/ui_action_dec.o
LOAD obj/Release/apps/ipc_doorbell/ui/style_JL02/ui_action_main.o
LOAD obj/Release/apps/ipc_doorbell/ui/style_JL02/ui_action_photo.o
LOAD obj/Release/apps/ipc_doorbell/ui/style_JL02/ui_action_rec.o
LOAD obj/Release/apps/ipc_doorbell/ui/style_JL02/ui_action_sys.o
LOAD obj/Release/apps/ipc_doorbell/ui/style_JL02/ui_action_usb.o
LOAD obj/Release/apps/ipc_doorbell/ui/style_LY/ui_action_dec.o
LOAD obj/Release/apps/ipc_doorbell/ui/style_LY/ui_action_photo.o
LOAD obj/Release/apps/ipc_doorbell/ui/style_LY/ui_action_rec.o
LOAD obj/Release/apps/ipc_doorbell/ui/style_LY/ui_action_sys.o
LOAD obj/Release/apps/ipc_doorbell/ui/style_LY/ui_action_upd.o
LOAD obj/Release/apps/ipc_doorbell/ui/style_LY/ui_action_usb.o
LOAD obj/Release/apps/ipc_doorbell/ui/ui_action_animation.o
LOAD obj/Release/apps/ipc_doorbell/usb_app.o
LOAD obj/Release/apps/ipc_doorbell/usb_app_cfg.o
LOAD obj/Release/apps/ipc_doorbell/usb_host_user.o
LOAD obj/Release/apps/ipc_doorbell/version.o
LOAD obj/Release/apps/ipc_doorbell/video_audio.o
LOAD obj/Release/apps/ipc_doorbell/video_dec.o
LOAD obj/Release/apps/ipc_doorbell/video_dec_cfg.o
LOAD obj/Release/apps/ipc_doorbell/video_photo.o
LOAD obj/Release/apps/ipc_doorbell/video_photo_cfg.o
LOAD obj/Release/apps/ipc_doorbell/video_rec.o
LOAD obj/Release/apps/ipc_doorbell/video_rec_cfg.o
LOAD obj/Release/apps/ipc_doorbell/video_system.o
LOAD obj/Release/apps/ipc_doorbell/video_system_cfg.o
LOAD obj/Release/apps/ipc_doorbell/wifi/avsdk/ut_dev_ipc_cmd.o
LOAD obj/Release/apps/ipc_doorbell/wifi/avsdk/ut_lowpower_cmd.o
LOAD obj/Release/apps/ipc_doorbell/wifi/avsdk/ut_xciot.o
LOAD obj/Release/apps/ipc_doorbell/wifi/cloud_interface/cloud_faststart.o
LOAD obj/Release/apps/ipc_doorbell/wifi/cloud_interface/cloud_net_config.o
LOAD obj/Release/apps/ipc_doorbell/wifi/cloud_interface/cloud_playback.o
LOAD obj/Release/apps/ipc_doorbell/wifi/cloud_interface/cloud_playback_list.o
LOAD obj/Release/apps/ipc_doorbell/wifi/cloud_interface/cloud_rt_talk.o
LOAD obj/Release/apps/ipc_doorbell/wifi/cloud_interface/cloud_sleep.o
LOAD obj/Release/apps/ipc_doorbell/wifi/cloud_interface/cloud_storage.o
LOAD obj/Release/apps/ipc_doorbell/wifi/cloud_interface/cloud_upgrade.o
LOAD obj/Release/apps/ipc_doorbell/wifi/cloud_interface/cloud_utc_time.o
LOAD obj/Release/apps/ipc_doorbell/wifi/ctp_cmd.o
LOAD obj/Release/apps/ipc_doorbell/wifi/doorbell/doorbell_app.o
LOAD obj/Release/apps/ipc_doorbell/wifi/doorbell/doorbell_event.o
LOAD obj/Release/apps/ipc_doorbell/wifi/doorbell/irled_ctrl.o
LOAD obj/Release/apps/ipc_doorbell/wifi/doorbell/usb_cdc_user.o
LOAD obj/Release/apps/ipc_doorbell/wifi/ftpd_vfs_reg.o
LOAD obj/Release/apps/ipc_doorbell/wifi/get_image_data.o
LOAD obj/Release/apps/ipc_doorbell/wifi/hi3861L_task.o
LOAD obj/Release/apps/ipc_doorbell/wifi/media_file_list.o
LOAD obj/Release/apps/ipc_doorbell/wifi/net_video_rec.o
LOAD obj/Release/apps/ipc_doorbell/wifi/network_mssdp.o
LOAD obj/Release/apps/ipc_doorbell/wifi/network_upgrade.o
LOAD obj/Release/apps/ipc_doorbell/wifi/packet.o
LOAD obj/Release/apps/ipc_doorbell/wifi/rt_talk_net.o
LOAD obj/Release/apps/ipc_doorbell/wifi/rt_talk_voice.o
LOAD obj/Release/apps/ipc_doorbell/wifi/simple_mov_unpkg.o
LOAD obj/Release/apps/ipc_doorbell/wifi/spec_uart_test.o
LOAD obj/Release/apps/ipc_doorbell/wifi/stream/stream_core.o
LOAD obj/Release/apps/ipc_doorbell/wifi/stream/video_rt_rtsp.o
LOAD obj/Release/apps/ipc_doorbell/wifi/stream/video_rt_tcp.o
LOAD obj/Release/apps/ipc_doorbell/wifi/stream/video_rt_udp.o
LOAD obj/Release/apps/ipc_doorbell/wifi/stream/video_rt_usr.o
LOAD obj/Release/apps/ipc_doorbell/wifi/strm_video_rec.o
LOAD obj/Release/apps/ipc_doorbell/wifi/uart_update/dev_update.o
LOAD obj/Release/apps/ipc_doorbell/wifi/uart_update/spec_uart.o
LOAD obj/Release/apps/ipc_doorbell/wifi/uart_update/uart_update_master.o
LOAD obj/Release/apps/ipc_doorbell/wifi/video_playback.o
LOAD obj/Release/apps/ipc_doorbell/wifi/video_preview.o
LOAD obj/Release/apps/ipc_doorbell/wifi/wifi-tools/ap_config.o
LOAD obj/Release/apps/ipc_doorbell/wifi/wifi-tools/iperf_test.o
LOAD obj/Release/apps/ipc_doorbell/wifi/wifi-tools/RTL_PHY_REG_PG.o
LOAD obj/Release/apps/ipc_doorbell/wifi/wifi-tools/rtw_cache.o
LOAD obj/Release/apps/ipc_doorbell/wifi/wifi-tools/uaputl_conf.o
LOAD obj/Release/apps/ipc_doorbell/wifi/wifi-tools/WL_AP_CONF.o
LOAD obj/Release/apps/ipc_doorbell/wifi/wifi-tools/WL_EFUSE.o
LOAD obj/Release/apps/ipc_doorbell/wifi/wifi-tools/WL_STA_CONF.o
LOAD obj/Release/apps/ipc_doorbell/wifi/wifi_app_task.o
LOAD obj/Release/apps/uart2sd.o
LOAD obj/Release/apps/uvc_53x_upgrade.o
LOAD obj/Release/apps/version.o
LOAD obj/Release/camera/av10/av10.o
LOAD obj/Release/camera/av10/av10_spi.o
LOAD obj/Release/camera/bg0806_mipi/bg0806_mipi.o
LOAD obj/Release/camera/bg0806_mipi/bg0806_mipi_ae.o
LOAD obj/Release/camera/bg0806_mipi/bg0806_mipi_awb.o
LOAD obj/Release/camera/bg0806_mipi/bg0806_mipi_iq.o
LOAD obj/Release/camera/f23_mipi/f23_mipi.o
LOAD obj/Release/camera/f23_mipi/f23_mipi_ae.o
LOAD obj/Release/camera/f23_mipi/f23_mipi_awb.o
LOAD obj/Release/camera/f23_mipi/f23_mipi_iq.o
LOAD obj/Release/camera/F37_mipi/F37_mipi.o
LOAD obj/Release/camera/F37_mipi/F37_mipi_ae.o
LOAD obj/Release/camera/F37_mipi/F37_mipi_awb.o
LOAD obj/Release/camera/F37_mipi/F37_mipi_iq.o
LOAD obj/Release/camera/gc1004/gc1004.o
LOAD obj/Release/camera/gc1004/gc1004_ae.o
LOAD obj/Release/camera/gc1004/gc1004_awb.o
LOAD obj/Release/camera/gc1004/gc1004_iq.o
LOAD obj/Release/camera/gc1034/gc1034.o
LOAD obj/Release/camera/gc1034/gc1034_ae.o
LOAD obj/Release/camera/gc1034/gc1034_awb.o
LOAD obj/Release/camera/gc1034/gc1034_iq.o
LOAD obj/Release/camera/GC1084_DVP_MIPI/GC1084_DVP.o
LOAD obj/Release/camera/GC1084_DVP_MIPI/GC1084_DVP_ae.o
LOAD obj/Release/camera/GC1084_DVP_MIPI/GC1084_DVP_awb.o
LOAD obj/Release/camera/GC1084_DVP_MIPI/GC1084_DVP_iq.o
LOAD obj/Release/camera/gc2043_dvp/gc2043.o
LOAD obj/Release/camera/gc2043_dvp/gc2043_ae.o
LOAD obj/Release/camera/gc2043_dvp/gc2043_awb.o
LOAD obj/Release/camera/gc2043_dvp/gc2043_iq.o
LOAD obj/Release/camera/gc2053_mipi/gc2053_mipi.o
LOAD obj/Release/camera/gc2053_mipi/gc2053_mipi_ae.o
LOAD obj/Release/camera/gc2053_mipi/gc2053_mipi_awb.o
LOAD obj/Release/camera/gc2053_mipi/gc2053_mipi_iq.o
LOAD obj/Release/camera/gm7150/gm7150.o
LOAD obj/Release/camera/h42/h42.o
LOAD obj/Release/camera/h42/h42_ae.o
LOAD obj/Release/camera/h42/h42_awb.o
LOAD obj/Release/camera/h42/h42_iq.o
LOAD obj/Release/camera/pr1000/pr1000.o
LOAD obj/Release/camera/pr2000/pr2000k.o
LOAD obj/Release/camera/sc1243_dvp/sc1243.o
LOAD obj/Release/camera/sc1243_dvp/sc1243_ae.o
LOAD obj/Release/camera/sc1243_dvp/sc1243_awb.o
LOAD obj/Release/camera/sc1243_dvp/sc1243_iq.o
LOAD obj/Release/camera/sc2313_dvp/sc2313.o
LOAD obj/Release/camera/sc2313_dvp/sc2313_ae.o
LOAD obj/Release/camera/sc2313_dvp/sc2313_awb.o
LOAD obj/Release/camera/sc2313_dvp/sc2313_iq.o
LOAD obj/Release/camera/sc2313_mipi/sc2313_mipi.o
LOAD obj/Release/camera/sc2313_mipi/sc2313_mipi_ae.o
LOAD obj/Release/camera/sc2313_mipi/sc2313_mipi_awb.o
LOAD obj/Release/camera/sc2313_mipi/sc2313_mipi_iq.o
LOAD obj/Release/camera/sc2336p_mipi_x/sc2336p_mipi.o
LOAD obj/Release/camera/sc2336p_mipi_x/sc2336p_mipi_ae.o
LOAD obj/Release/camera/sc2336p_mipi_x/sc2336p_mipi_awb.o
LOAD obj/Release/camera/sc2336p_mipi_x/sc2336p_mipi_iq.o
LOAD obj/Release/camera/tp2850/tp2850.o
LOAD obj/Release/camera/tp9930/tp9930.o
LOAD obj/Release/cpu/DV17/adc.o
LOAD obj/Release/cpu/DV17/adkey.o
LOAD obj/Release/cpu/DV17/board/board_dev_wifi_5701_20190809.o
LOAD obj/Release/cpu/DV17/board/board_dev_wifi_5702_20190809.o
LOAD obj/Release/cpu/DV17/board/board_dev_wifi_5712_20210316.o
LOAD obj/Release/cpu/DV17/board/board_dev_wifi_5713_20210317.o
LOAD obj/Release/cpu/DV17/board/board_dev_wifi_5713_20210901.o
LOAD obj/Release/cpu/DV17/board/board_dev_wifi_5713_20221027.o
LOAD obj/Release/cpu/DV17/board/board_dev_wifi_5713_20230825.o
LOAD obj/Release/cpu/DV17/board/board_doorbell_wifi_5713_20220325.o
LOAD obj/Release/cpu/DV17/board/lp_board_dev_wifi_5713_20240326.o
LOAD obj/Release/cpu/DV17/board/xd_board_dev_wifi_5713_20231208.o
LOAD obj/Release/cpu/DV17/debug.o
LOAD obj/Release/cpu/DV17/dvp_lcd_driver/lcd_480x272.o
LOAD obj/Release/cpu/DV17/dvp_lcd_driver/lcd_480x272_18bits.o
LOAD obj/Release/cpu/DV17/dvp_lcd_driver/lcd_480x272_8bits.o
LOAD obj/Release/cpu/DV17/dvp_lcd_driver/lcd_avout.o
LOAD obj/Release/cpu/DV17/dvp_lcd_driver/lcd_avout_hd.o
LOAD obj/Release/cpu/DV17/dvp_lcd_driver/lcd_HX8369A_MCU.o
LOAD obj/Release/cpu/DV17/dvp_lcd_driver/lcd_HX8369A_SPI_RGB.o
LOAD obj/Release/cpu/DV17/dvp_lcd_driver/lcd_HX9225_MCU.o
LOAD obj/Release/cpu/DV17/dvp_lcd_driver/lcd_ILI8960.o
LOAD obj/Release/cpu/DV17/dvp_lcd_driver/lcd_ILI9806.o
LOAD obj/Release/cpu/DV17/dvp_lcd_driver/lcd_LQ026B3UX01.o
LOAD obj/Release/cpu/DV17/dvp_lcd_driver/lcd_LX50FWB4001_V2.o
LOAD obj/Release/cpu/DV17/dvp_lcd_driver/lcd_LYWS030GQ.o
LOAD obj/Release/cpu/DV17/dvp_lcd_driver/lcd_ssd1963.o
LOAD obj/Release/cpu/DV17/dvp_lcd_driver/lcd_ST7789P3_MCU.o
LOAD obj/Release/cpu/DV17/dvp_lcd_driver/lcd_ST7789S.o
LOAD obj/Release/cpu/DV17/dvp_lcd_driver/lcd_T15P00.o
LOAD obj/Release/cpu/DV17/dvp_lcd_driver/lcd_vga.o
LOAD obj/Release/cpu/DV17/dvp_lcd_driver/lcd_virtual.o
LOAD obj/Release/cpu/DV17/iokey.o
LOAD obj/Release/cpu/DV17/ldo.o
LOAD obj/Release/cpu/DV17/lvds_lcd_driver/lvds_1024x600.o
LOAD obj/Release/cpu/DV17/lvds_lcd_driver/lvds_1280x800.o
LOAD obj/Release/cpu/DV17/lvds_lcd_driver/lvds_1920x480.o
LOAD obj/Release/cpu/DV17/mipi_lcd_driver/dsi_dcs_1lane_16bit.o
LOAD obj/Release/cpu/DV17/mipi_lcd_driver/dsi_dcs_1lane_24bit.o
LOAD obj/Release/cpu/DV17/mipi_lcd_driver/dsi_dcs_1lane_wt400x400.o
LOAD obj/Release/cpu/DV17/mipi_lcd_driver/dsi_vdo_1lane_st7785M.o
LOAD obj/Release/cpu/DV17/mipi_lcd_driver/dsi_vdo_2lane_1280x480_EK79030.o
LOAD obj/Release/cpu/DV17/mipi_lcd_driver/dsi_vdo_2lane_24bit.o
LOAD obj/Release/cpu/DV17/mipi_lcd_driver/dsi_vdo_2lane_bs_t40_l4.o
LOAD obj/Release/cpu/DV17/mipi_lcd_driver/dsi_vdo_2lane_gc9503v_640x360_rgh_rt30hd033a.o
LOAD obj/Release/cpu/DV17/mipi_lcd_driver/dsi_vdo_2lane_st7701s.o
LOAD obj/Release/cpu/DV17/mipi_lcd_driver/dsi_vdo_4lane_1080p.o
LOAD obj/Release/cpu/DV17/mipi_lcd_driver/dsi_vdo_4lane_1280x480_EK79030.o
LOAD obj/Release/cpu/DV17/mipi_lcd_driver/dsi_vdo_4lane_720p.o
LOAD obj/Release/cpu/DV17/mipi_lcd_driver/dsi_vdo_4lane_720p_rm68200ga1.o
LOAD obj/Release/cpu/DV17/mipi_lcd_driver/lcd_mipi_4lane_s8500l0.o
LOAD obj/Release/cpu/DV17/mipi_lcd_driver/mipi_lcd_1280x400_wt.o
LOAD obj/Release/cpu/DV17/mipi_lcd_driver/mipi_lcd_1280x480.o
LOAD obj/Release/cpu/DV17/mipi_lcd_driver/mipi_lcd_1280x480_ICN9706.o
LOAD obj/Release/cpu/DV17/mipi_lcd_driver/mipi_lcd_1280x720_RM68200GA1.o
LOAD obj/Release/cpu/DV17/mipi_lcd_driver/mipi_lcd_1600x400_wt1098802g01.o
LOAD obj/Release/cpu/DV17/mipi_lcd_driver/mipi_lcd_1600x400_wt1098802g01_1.o
LOAD obj/Release/cpu/DV17/mipi_lcd_driver/mipi_lcd_1920x380_OTA7290B.o
LOAD obj/Release/cpu/DV17/mipi_lcd_driver/mipi_lcd_1920x480_OTA7290B.o
LOAD obj/Release/cpu/DV17/power_inf.o
LOAD obj/Release/cpu/DV17/setup.o
LOAD obj/Release/cpu/DV17/static_memory_alloc.o
LOAD obj/Release/cpu/DV17/uart_key.o
START GROUP
LOAD include_lib/liba/dv17/libcommon.a
LOAD include_lib/liba/dv17/librtos.a
LOAD include_lib/liba/dv17/libsdx.a
LOAD include_lib/liba/dv17/libres.a
LOAD include_lib/liba/dv17/libusb.a
LOAD include_lib/liba/dv17/libfs.a
LOAD include_lib/liba/dv17/libupgrade.a
LOAD include_lib/liba/dv17/libfont.a
LOAD include_lib/liba/dv17/libserver_core.a
LOAD include_lib/liba/dv17/libui_server.a
LOAD include_lib/liba/dv17/libvideo_engine_server.a
LOAD include_lib/liba/dv17/libusb_server.a
LOAD include_lib/liba/dv17/libvideo_dec_server.a
LOAD include_lib/liba/dv17/libvideo_rec_server.a
LOAD include_lib/liba/dv17/libaudio_server.a
LOAD include_lib/liba/dv17/libvm.a
LOAD include_lib/liba/dv17/libdlmalloc.a
LOAD include_lib/liba/dv17/libh264.a
LOAD include_lib/liba/dv17/libjpeg.a
LOAD include_lib/liba/dv17/libdev.a
LOAD include_lib/liba/dv17/libui.a
LOAD include_lib/liba/dv17/libvideo_framework.a
LOAD include_lib/liba/dv17/libsys.a
LOAD include_lib/liba/dv17/libcpu.a
LOAD include_lib/liba/dv17/libisp.a
LOAD include_lib/liba/dv17/liblog.a
LOAD include_lib/liba/dv17/cpr.a
LOAD include_lib/liba/dv17/rs_ecc.a
LOAD include_lib/liba/dv17/aac_enc_lib.a
LOAD include_lib/liba/dv17/lib_usb_syn.a
LOAD include_lib/liba/dv17/libqrcode.a
LOAD include_lib/liba/dv17/libFFT_pi32v2_OnChip.a
LOAD include_lib/liba/dv17/libAptFilt_fix_pi32v2_OnChip.a
LOAD include_lib/liba/dv17/libEchoSuppress_pi32v2_OnChip.a
LOAD include_lib/liba/dv17/libjlsp.a
LOAD include_lib/liba/dv17/lib_dns.a
LOAD include_lib/liba/dv17/dv17_aac_dec_lib.a
LOAD include_lib/liba/dv17/libhsm.a
LOAD include_lib/liba/dv17/libsdio_card.a
LOAD include_lib/liba/dv17/libwifi_dev.a
LOAD include_lib/liba/dv17/libmbedtls.a
LOAD include_lib/liba/dv17/liblwip.a
LOAD include_lib/liba/dv17/libjson.a
LOAD include_lib/liba/dv17/libnet_server.a
LOAD include_lib/liba/dv17/libhttp_server.a
LOAD include_lib/liba/dv17/libhttp_cli.a
LOAD include_lib/liba/dv17/libiperf.a
LOAD include_lib/liba/dv17/librtsp.a
LOAD include_lib/liba/dv17/libftpd.a
LOAD include_lib/liba/dv17/libcurl.a
LOAD include_lib/liba/dv17/avsdk.a
LOAD include_lib/liba/dv17/librtl8189f.a
LOAD include_lib/liba/dv17/libhostapd_wpa.a
END GROUP
                0x04000000                . = ORIGIN (sdram_mem)

.rom_code       0x04000000   0x22aaac
                0x04000000                _text_rodata_begin = .
                [!provide]                PROVIDE (text_rodata_begin, .)
 *startup.S.o(.text)
 .text          0x04000000       0xe4 include_lib/liba/dv17/libcpu.a(startup.S.o)
                0x04000000                _start
                0x04000090                cpu1_start
                0x040000a4                cpu2_start
                0x040000b8                cpu3_start
                0x040000cc                exception_irq_handler
 *sfc_boot.o(.text*)
 *sfc_boot.o(.rodata*)
 *boot_main.o(.text*)
 *boot_main.o(.rodata*)
 *(.text*)
 .text          0x040000e4   0x194ece cpu\dv17\tools\sdk.elf.o
                0x040019ba                puts
                0x04063df6                exception_analyze
                0x04064196                cpu1_main
                0x0406429e                OS_ClrPending
                0x040b9f22                main
                0x040c9f40                cpu3_main
 .text          0x04194fb2        0x0 include_lib/liba/dv17/libcommon.a(version.z.o)
 .text          0x04194fb2       0x54 include_lib/liba/dv17/librtos.a(port_asm.S.o)
                0x04194fb2                vSoftwareInterruptISR
 .text          0x04195006        0x0 include_lib/liba/dv17/librtos.a(version.z.o)
 .text          0x04195006        0x0 include_lib/liba/dv17/libsdx.a(version.z.o)
 .text          0x04195006        0x0 include_lib/liba/dv17/libres.a(version.z.o)
 .text          0x04195006        0x0 include_lib/liba/dv17/libusb.a(version.z.o)
 .text          0x04195006        0x0 include_lib/liba/dv17/libfs.a(version.z.o)
 .text          0x04195006        0x0 include_lib/liba/dv17/libupgrade.a(version.z.o)
 .text          0x04195006        0x0 include_lib/liba/dv17/libfont.a(version.z.o)
 .text          0x04195006        0x0 include_lib/liba/dv17/libserver_core.a(version.z.o)
 .text          0x04195006        0x0 include_lib/liba/dv17/libui_server.a(version.z.o)
 .text          0x04195006        0x0 include_lib/liba/dv17/libvideo_engine_server.a(version.z.o)
 .text          0x04195006        0x0 include_lib/liba/dv17/libusb_server.a(version.z.o)
 .text          0x04195006        0x0 include_lib/liba/dv17/libvideo_dec_server.a(version.z.o)
 .text          0x04195006        0x0 include_lib/liba/dv17/libvideo_rec_server.a(version.z.o)
 .text          0x04195006        0x0 include_lib/liba/dv17/libaudio_server.a(version.z.o)
 .text          0x04195006        0x0 include_lib/liba/dv17/libvm.a(version.z.o)
 .text          0x04195006        0x0 include_lib/liba/dv17/libdlmalloc.a(version.z.o)
 .text          0x04195006        0x0 include_lib/liba/dv17/libh264.a(version.z.o)
 .text          0x04195006        0x0 include_lib/liba/dv17/libjpeg.a(version.z.o)
 .text          0x04195006        0x0 include_lib/liba/dv17/libdev.a(version.z.o)
 .text          0x04195006        0x0 include_lib/liba/dv17/libui.a(version.z.o)
 .text          0x04195006        0x0 include_lib/liba/dv17/libvideo_framework.a(version.z.o)
 .text          0x04195006        0x0 include_lib/liba/dv17/libsys.a(version.z.o)
 .text          0x04195006        0x0 include_lib/liba/dv17/libcpu.a(version.z.o)
 .text          0x04195006        0x0 include_lib/liba/dv17/libisp.a(version.z.o)
 .text          0x04195006        0x0 include_lib/liba/dv17/liblog.a(version.z.o)
 .text          0x04195006       0xa8 include_lib/liba/dv17/aac_enc_lib.a(AAC_E_SAMPLES.o)
                0x041950a6                get_aac_enc_ops
 .text          0x041950ae      0x160 include_lib/liba/dv17/aac_enc_lib.a(aacenc.o)
                0x041950ae                voAACEncInit
 .text          0x0419520e      0x1ae include_lib/liba/dv17/aac_enc_lib.a(aacenc_core.o)
                0x0419520e                AacEncOpen
                0x041952be                AacEncEncode
 .text          0x041953bc       0x76 include_lib/liba/dv17/aac_enc_lib.a(bitbuffer.o)
                0x041953bc                CreateBitBuffer
                0x041953d6                GetBitsAvail
                0x041953dc                WriteBits
 .text          0x04195432      0x5ca include_lib/liba/dv17/aac_enc_lib.a(bitenc.o)
                0x0419565a                WriteBitstream
 .text          0x041959fc       0x92 include_lib/liba/dv17/aac_enc_lib.a(channel_map.o)
                0x04195a20                InitElementInfo
                0x04195a44                InitElementBits
 .text          0x04195a8e      0x77a include_lib/liba/dv17/aac_enc_lib.a(psy_main.o)
                0x04195a8e                psyMainInit
                0x04195b08                psyMain
 .text          0x04196208      0x420 include_lib/liba/dv17/aac_enc_lib.a(qc_main.o)
                0x04196208                QCInit
                0x04196260                QCMain
                0x041964e4                updateBitres
                0x04196518                FinalizeBitConsumption
                0x041965e0                AdjustBitrate
 .text          0x04196628      0x466 include_lib/liba/dv17/aac_enc_lib.a(quantize.o)
                0x04196628                pow34
                0x041966a4                QuantizeSpectrum
                0x04196916                calcSfbDist
 .text          0x04196a8e      0x4a2 include_lib/liba/dv17/aac_enc_lib.a(sf_estim.o)
                0x04196a8e                formfac_sqrt
                0x04196ac6                CalcFormFactor
                0x04196bf6                EstimateScaleFactors
 .text          0x04196f30       0x64 include_lib/liba/dv17/aac_enc_lib.a(spreading.o)
                0x04196f30                SpreadingMax
 .text          0x04196f94       0x6c include_lib/liba/dv17/aac_enc_lib.a(stat_bits.o)
                0x04196f94                countStaticBitdemand
 .text          0x04197000      0x986 include_lib/liba/dv17/aac_enc_lib.a(transform.o)
                0x04197302                Mdct_Long
                0x041974fc                Mdct_Short
                0x04197612                Transform_Real
 .text          0x04197986        0x0 include_lib/liba/dv17/aac_enc_lib.a(aac_rom.o)
 .text          0x04197986     0x14c2 include_lib/liba/dv17/aac_enc_lib.a(adj_thr.o)
                0x04197986                bits2pe
                0x04197994                AdjThrInit
                0x04197b1a                AdjustThresholds
                0x04198e42                AdjThrUpdate
 .text          0x04198e48      0x1ae include_lib/liba/dv17/aac_enc_lib.a(band_nrg.o)
                0x04198e48                CalcBandEnergy
                0x04198ed8                CalcBandEnergyMS
 .text          0x04198ff6      0x15c include_lib/liba/dv17/aac_enc_lib.a(basicop2.o)
                0x04198ff6                aace_shl
                0x04199046                aace_shr
                0x04199066                aace_L_shl
                0x0419906e                aace_L_shr
                0x0419908c                aace_shr_r
                0x0419910e                aace_L_shr_r
                0x0419914c                aace_cls
 .text          0x04199152      0xcac include_lib/liba/dv17/aac_enc_lib.a(bit_cnt.o)
                0x04199152                bitCount
                0x04199176                codeValues
                0x041996ee                bitCountScalefactorDelta
                0x041996fa                codeScalefactorDelta
 .text          0x04199dfe      0x348 include_lib/liba/dv17/aac_enc_lib.a(block_switch.o)
                0x04199dfe                InitBlockSwitching
                0x04199e62                CalcWindowEnergy
                0x04199ef2                BlockSwitching
                0x0419a09a                SyncBlockSwitching
 .text          0x0419a146      0x54e include_lib/liba/dv17/aac_enc_lib.a(dyn_bits.o)
                0x0419a1e0                dynBitCount
 .text          0x0419a694      0x3ce include_lib/liba/dv17/aac_enc_lib.a(grp_data.o)
                0x0419a694                groupShortData
 .text          0x0419aa62      0x126 include_lib/liba/dv17/aac_enc_lib.a(interface.o)
                0x0419aa62                BuildInterface
 .text          0x0419ab88      0x202 include_lib/liba/dv17/aac_enc_lib.a(line_pe.o)
                0x0419ab88                prepareSfbPe
                0x0419ac10                calcSfbPe
 .text          0x0419ad8a      0x1d4 include_lib/liba/dv17/aac_enc_lib.a(ms_stereo.o)
                0x0419ad8a                MsStereoProcessing
 .text          0x0419af5e      0x2ec include_lib/liba/dv17/aac_enc_lib.a(oper_32b.o)
                0x0419af5e                aacem_L_Extract
                0x0419afa8                aacem_L_Comp
                0x0419afd0                aacem_Mpy_32
                0x0419b04a                aacem_aacem_Mpy_32_16
                0x0419b094                aacem_Div_32
                0x0419b0a2                aacem_iLog4
                0x0419b0ea                aacem_rsqrt
                0x0419b220                aacem_pow2_xy
 .text          0x0419b24a       0xaa include_lib/liba/dv17/aac_enc_lib.a(pre_echo_control.o)
                0x0419b24a                InitPreEchoControl
                0x0419b260                PreEchoControl
 .text          0x0419b2f4      0x5d6 include_lib/liba/dv17/aac_enc_lib.a(psy_configuration.o)
                0x0419b2f4                GetSRIndex
                0x0419b6fe                InitPsyConfigurationLong
                0x0419b7ea                InitPsyConfigurationShort
 .text          0x0419b8ca        0x0 include_lib/liba/dv17/libhsm.a(version.z.o)
 .text          0x0419b8ca        0x0 include_lib/liba/dv17/libsdio_card.a(version.z.o)
 .text          0x0419b8ca        0x0 include_lib/liba/dv17/libwifi_dev.a(version.z.o)
 .text          0x0419b8ca        0x0 include_lib/liba/dv17/libmbedtls.a(version.z.o)
 .text          0x0419b8ca        0x0 include_lib/liba/dv17/libjson.a(version.z.o)
 .text          0x0419b8ca        0x0 include_lib/liba/dv17/libnet_server.a(version.z.o)
 .text          0x0419b8ca        0x0 include_lib/liba/dv17/libhttp_server.a(version.z.o)
 .text          0x0419b8ca        0x0 include_lib/liba/dv17/libhttp_cli.a(version.z.o)
 .text          0x0419b8ca        0x0 include_lib/liba/dv17/libiperf.a(version.z.o)
 .text          0x0419b8ca        0x0 include_lib/liba/dv17/librtsp.a(version.z.o)
 .text          0x0419b8ca        0x0 include_lib/liba/dv17/libftpd.a(version.z.o)
 .text          0x0419b8ca        0x0 include_lib/liba/dv17/libcurl.a(version.z.o)
 .text          0x0419b8ca        0x0 include_lib/liba/dv17/librtl8189f.a(version.z.o)
 .text          0x0419b8ca        0x0 include_lib/liba/dv17/libhostapd_wpa.a(version.z.o)
 .text          0x0419b8ca       0x62 C:\JL\pi32\pi32v2-lib\r3\libm.a(lib_a-s_fpclassify.o)
                0x0419b8ca                __fpclassifyd
 .text          0x0419b92c       0x8e C:\JL\pi32\pi32v2-lib\r3\libm.a(lib_a-s_modf.o)
                0x0419b92c                modf
 .text          0x0419b9ba       0xa2 C:\JL\pi32\pi32v2-lib\r3\libm.a(lib_a-s_round.o)
                0x0419b9ba                round
 .text          0x0419ba5c        0x4 C:\JL\pi32\pi32v2-lib\r3\libm.a(lib_a-wf_log10.o)
                0x0419ba5c                log10f
 .text          0x0419ba60       0x8a C:\JL\pi32\pi32v2-lib\r3\libm.a(lib_a-ef_log10.o)
                0x0419ba60                __ieee754_log10f
 .text          0x0419baea      0x1e4 C:\JL\pi32\pi32v2-lib\r3\libm.a(lib_a-ef_log.o)
                0x0419baea                __ieee754_logf
 .text          0x0419bcce        0x6 C:\JL\pi32\pi32v2-lib\r3\libc.a(lib_a-abs.o)
                0x0419bcce                abs
 .text          0x0419bcd4       0x10 C:\JL\pi32\pi32v2-lib\r3\libc.a(lib_a-atoi.o)
                0x0419bcd4                atoi
                0x0419bcdc                _atoi_r
 .text          0x0419bce4       0x10 C:\JL\pi32\pi32v2-lib\r3\libc.a(lib_a-atol.o)
                0x0419bce4                atol
                0x0419bcec                _atol_r
 .text          0x0419bcf4       0x40 C:\JL\pi32\pi32v2-lib\r3\libc.a(lib_a-bsearch.o)
                0x0419bcf4                bsearch
 .text          0x0419bd34        0x0 C:\JL\pi32\pi32v2-lib\r3\libc.a(lib_a-ctype_.o)
 .text          0x0419bd34        0x0 C:\JL\pi32\pi32v2-lib\r3\libc.a(lib_a-impure.o)
 .text          0x0419bd34       0x1a C:\JL\pi32\pi32v2-lib\r3\libc.a(lib_a-isblank.o)
                0x0419bd34                isblank
 .text          0x0419bd4e       0x24 C:\JL\pi32\pi32v2-lib\r3\libc.a(lib_a-isprint.o)
                0x0419bd4e                isgraph
                0x0419bd60                isprint
 .text          0x0419bd72       0x12 C:\JL\pi32\pi32v2-lib\r3\libc.a(lib_a-isspace.o)
                0x0419bd72                isspace
 .text          0x0419bd84       0x18 C:\JL\pi32\pi32v2-lib\r3\libc.a(lib_a-memchr.o)
                0x0419bd84                memchr
 .text          0x0419bd9c       0x38 C:\JL\pi32\pi32v2-lib\r3\libc.a(lib_a-memcmp.o)
                0x0419bd9c                memcmp
 .text          0x0419bdd4       0xc2 C:\JL\pi32\pi32v2-lib\r3\libc.a(lib_a-memcpy.o)
                0x0419bdd4                memmove
                0x0419bdd4                memcpy
 .text          0x0419be96       0x28 C:\JL\pi32\pi32v2-lib\r3\libc.a(lib_a-memmem.o)
                0x0419be96                memmem
 .text          0x0419bebe       0x2c C:\JL\pi32\pi32v2-lib\r3\libc.a(lib_a-memset.o)
                0x0419bebe                memset
 .text          0x0419beea      0x2ae C:\JL\pi32\pi32v2-lib\r3\libc.a(lib_a-qsort.o)
                0x0419bf54                qsort
 .text          0x0419c198       0x3e C:\JL\pi32\pi32v2-lib\r3\libc.a(lib_a-strcasecmp.o)
                0x0419c198                strcasecmp
 .text          0x0419c1d6       0x18 C:\JL\pi32\pi32v2-lib\r3\libc.a(lib_a-strcat.o)
                0x0419c1d6                strcat
 .text          0x0419c1ee       0x14 C:\JL\pi32\pi32v2-lib\r3\libc.a(lib_a-strchr.o)
                0x0419c1ee                strchr
 .text          0x0419c202       0xa0 C:\JL\pi32\pi32v2-lib\r3\libc.a(lib_a-strcmp.o)
                0x0419c202                strcmp
 .text          0x0419c2a2       0x6e C:\JL\pi32\pi32v2-lib\r3\libc.a(lib_a-strcpy.o)
                0x0419c2a2                strcpy
 .text          0x0419c310       0x24 C:\JL\pi32\pi32v2-lib\r3\libc.a(lib_a-strcspn.o)
                0x0419c310                strcspn
 .text          0x0419c334       0x28 C:\JL\pi32\pi32v2-lib\r3\libc.a(lib_a-strlcpy.o)
                0x0419c334                strlcpy
 .text          0x0419c35c        0xc C:\JL\pi32\pi32v2-lib\r3\libc.a(lib_a-strlen.o)
                0x0419c35c                strlen
 .text          0x0419c368       0x46 C:\JL\pi32\pi32v2-lib\r3\libc.a(lib_a-strncasecmp.o)
                0x0419c368                strncasecmp
 .text          0x0419c3ae       0x26 C:\JL\pi32\pi32v2-lib\r3\libc.a(lib_a-strncat.o)
                0x0419c3ae                strncat
 .text          0x0419c3d4       0x1a C:\JL\pi32\pi32v2-lib\r3\libc.a(lib_a-strncmp.o)
                0x0419c3d4                strncmp
 .text          0x0419c3ee       0x26 C:\JL\pi32\pi32v2-lib\r3\libc.a(lib_a-strncpy.o)
                0x0419c3ee                strncpy
 .text          0x0419c414       0x14 C:\JL\pi32\pi32v2-lib\r3\libc.a(lib_a-strnlen.o)
                0x0419c414                strnlen
 .text          0x0419c428       0x36 C:\JL\pi32\pi32v2-lib\r3\libc.a(lib_a-strpbrk.o)
                0x0419c428                strpbrk
 .text          0x0419c45e       0x24 C:\JL\pi32\pi32v2-lib\r3\libc.a(lib_a-strrchr.o)
                0x0419c45e                strrchr
 .text          0x0419c482        0xa C:\JL\pi32\pi32v2-lib\r3\libc.a(lib_a-strsep.o)
                0x0419c482                strsep
 .text          0x0419c48c       0x24 C:\JL\pi32\pi32v2-lib\r3\libc.a(lib_a-strspn.o)
                0x0419c48c                strspn
 .text          0x0419c4b0       0x2a C:\JL\pi32\pi32v2-lib\r3\libc.a(lib_a-strstr.o)
                0x0419c4b0                strstr
 .text          0x0419c4da       0x10 C:\JL\pi32\pi32v2-lib\r3\libc.a(lib_a-strtok.o)
                0x0419c4da                strtok
 .text          0x0419c4ea       0x54 C:\JL\pi32\pi32v2-lib\r3\libc.a(lib_a-strtok_r.o)
                0x0419c4ea                __strtok_r
                0x0419c53a                strtok_r
 .text          0x0419c53e       0x1a C:\JL\pi32\pi32v2-lib\r3\libc.a(lib_a-strtoll.o)
                0x0419c53e                strtoll
 .text          0x0419c558      0x15c C:\JL\pi32\pi32v2-lib\r3\libc.a(lib_a-strtoll_r.o)
                0x0419c558                _strtoll_r
 .text          0x0419c6b4      0x108 C:\JL\pi32\pi32v2-lib\r3\libc.a(lib_a-strtol.o)
                0x0419c6b4                _strtol_r
                0x0419c7a4                strtol
 .text          0x0419c7bc       0xfe C:\JL\pi32\pi32v2-lib\r3\libc.a(lib_a-strtoul.o)
                0x0419c7bc                _strtoul_r
                0x0419c8a2                strtoul
 .text          0x0419c8ba       0x1e C:\JL\pi32\pi32v2-lib\r3\libc.a(lib_a-tolower.o)
                0x0419c8ba                tolower
 .text          0x0419c8d8      0x314 C:\JL\pi32\pi32v2-lib\r3\libcompiler-rt.a(adddf3.o)
                0x0419c918                __adddf3
 .text          0x0419cbec        0x6 C:\JL\pi32\pi32v2-lib\r3\libcompiler-rt.a(subdf3.o)
                0x0419cbec                __subdf3
 .text          0x0419cbf2       0x10 C:\JL\pi32\pi32v2-lib\r3\libcompiler-rt.a(udivdi3.o)
                0x0419cbf2                __udivdi3
 .text          0x0419cc02      0x226 C:\JL\pi32\pi32v2-lib\r3\libcompiler-rt.a(udivmoddi4.o)
                0x0419cc02                __udivmoddi4
 .text          0x0419ce28       0x14 C:\JL\pi32\pi32v2-lib\r3\libcompiler-rt.a(umoddi3.o)
                0x0419ce28                __umoddi3
 .text          0x0419ce3c      0x1a0 C:\JL\pi32\pi32v2-lib\r3\libcompiler-rt.a(comparedf2.o)
                0x0419ce3c                __cmpdf2
                0x0419ce3c                __ledf2
                0x0419ceec                __gedf2
                0x0419cf94                __unorddf2
                0x0419cfd4                __eqdf2
                0x0419cfd6                __ltdf2
                0x0419cfd8                __nedf2
                0x0419cfda                __gtdf2
 .text          0x0419cfdc      0x346 C:\JL\pi32\pi32v2-lib\r3\libcompiler-rt.a(divdf3.o)
                0x0419d012                __divdf3
 .text          0x0419d322       0x5a C:\JL\pi32\pi32v2-lib\r3\libcompiler-rt.a(divdi3.o)
                0x0419d322                __divdi3
 .text          0x0419d37c       0x7a C:\JL\pi32\pi32v2-lib\r3\libcompiler-rt.a(extendsfdf2.o)
                0x0419d37c                __extendsfdf2
 .text          0x0419d3f6       0x54 C:\JL\pi32\pi32v2-lib\r3\libcompiler-rt.a(fixdfsi.o)
                0x0419d3f6                __fixdfsi
 .text          0x0419d44a       0x3c C:\JL\pi32\pi32v2-lib\r3\libcompiler-rt.a(fixunsdfsi.o)
                0x0419d44a                __fixunsdfsi
 .text          0x0419d486       0x4c C:\JL\pi32\pi32v2-lib\r3\libcompiler-rt.a(floatsidf.o)
                0x0419d486                __floatsidf
 .text          0x0419d4d2       0x34 C:\JL\pi32\pi32v2-lib\r3\libcompiler-rt.a(floatunsidf.o)
                0x0419d4d2                __floatunsidf
 .text          0x0419d506      0x2fa C:\JL\pi32\pi32v2-lib\r3\libcompiler-rt.a(muldf3.o)
                0x0419d53c                __muldf3
 .text          0x0419d800      0x142 C:\JL\pi32\pi32v2-lib\r3\libcompiler-rt.a(truncdfsf2.o)
                0x0419d800                __truncdfsf2
                0x0419d960                . = ALIGN (0x20)
 *fill*         0x0419d942       0x1e 
                0x0419d960                _ctors_begin = .
                0x0419d960                PROVIDE (ctors_begin, .)
 *(.ctors*)
                0x0419d960                _ctors_end = .
                [!provide]                PROVIDE (ctors_end, .)
                0x0419d960                . = ALIGN (0x20)
 *(.rodata*)
 .rodata.str1.1
                0x0419d960     0x6814 cpu\dv17\tools\sdk.elf.o
                               0x6971 (size before relaxing)
 *fill*         0x041a4174        0xc 
 .rodata        0x041a4180    0x7c19c cpu\dv17\tools\sdk.elf.o
                0x041bee4c                pcm_enc_ops
                0x041bee78                aac_enc_sub_ops
 *fill*         0x0422031c        0x4 
 .rodata.str1.16
                0x04220320     0x40e0 cpu\dv17\tools\sdk.elf.o
                               0x40dc (size before relaxing)
 .rodata.cst32  0x04224400      0x100 cpu\dv17\tools\sdk.elf.o
 .rodata.cst16  0x04224500       0x90 cpu\dv17\tools\sdk.elf.o
 .rodata.str4.4
                0x04224590      0x2c0 cpu\dv17\tools\sdk.elf.o
 .rodata.cst4   0x04224850        0x8 cpu\dv17\tools\sdk.elf.o
 *fill*         0x04224858        0x8 
 .rodata.str4.16
                0x04224860       0x40 cpu\dv17\tools\sdk.elf.o
                                 0x34 (size before relaxing)
 .rodata.cst8   0x042248a0        0x8 cpu\dv17\tools\sdk.elf.o
 .rodata        0x042248a8        0xc include_lib/liba/dv17/aac_enc_lib.a(AAC_E_SAMPLES.o)
                0x042248a8                aac_enc_opst
 *fill*         0x042248b4        0xc 
 .rodata.str1.16
                0x042248c0       0x33 include_lib/liba/dv17/aac_enc_lib.a(AAC_E_SAMPLES.o)
 *fill*         0x042248f3        0x1 
 .rodata.cst8   0x042248f4        0x8 include_lib/liba/dv17/aac_enc_lib.a(psy_main.o)
 .rodata        0x042248fc     0x5a3a include_lib/liba/dv17/aac_enc_lib.a(aac_rom.o)
                0x042248fc                cossintab
                0x04225afc                twidTab512
                0x04226abc                twidTab64
                0x04226c9c                ShortWindowSine
                0x04226d9c                LongWindowKBD
                0x0422759c                formfac_sqrttable
                0x0422771c                mTab_3_4
                0x04227f1c                mTab_4_3
                0x0422871c                invSBF
                0x0422877c                pow2tominusNover16
                0x0422879e                sideInfoTabLong
                0x04228806                sideInfoTabShort
                0x04228828                specExpMantTableComb_enc
                0x04228908                specExpTableComb_enc
                0x04228940                quantBorders
                0x04228960                quantRecon
                0x04228978                sampRateTab
                0x042289a8                rates
                0x042289c8                BandwithCoefTab
                0x04228b48                sfBandTotalShort
                0x04228b54                sfBandTotalLong
                0x04228b60                sfBandTabShortOffset
                0x04228b90                sfBandTabShort
                0x04228c28                sfBandTabLongOffset
                0x04228c58                sfBandTabLong
                0x04228ee2                huff_ltab1_2
                0x04228f84                huff_ltab3_4
                0x04229026                huff_ltab5_6
                0x042290c8                huff_ltab7_8
                0x04229148                huff_ltab9_10
                0x0422929a                huff_ltab11
                0x042294dc                huff_ltabscf
                0x042295ce                huff_ctab1
                0x04229670                huff_ctab2
                0x04229712                huff_ctab3
                0x042297b4                huff_ctab4
                0x04229856                huff_ctab5
                0x042298f8                huff_ctab6
                0x0422999a                huff_ctab7
                0x04229a1a                huff_ctab8
                0x04229a9a                huff_ctab9
                0x04229bec                huff_ctab10
                0x04229d3e                huff_ctab11
                0x04229f80                huff_ctabscf
                0x0422a164                m_log2_table
                0x0422a1e4                tnsCoeff3
                0x0422a204                tnsCoeff3Borders
                0x0422a224                tnsCoeff4
                0x0422a264                tnsCoeff4Borders
                0x0422a2a4                bitrevTab
 *fill*         0x0422a336        0x2 
 .rodata        0x0422a338       0x44 include_lib/liba/dv17/aac_enc_lib.a(bit_cnt.o)
 .rodata        0x0422a37c       0x48 include_lib/liba/dv17/aac_enc_lib.a(block_switch.o)
                0x0422a37c                hiPassCoeff
 .rodata.cst32  0x0422a3c4       0x20 include_lib/liba/dv17/aac_enc_lib.a(block_switch.o)
 .rodata        0x0422a3e4       0x10 include_lib/liba/dv17/aac_enc_lib.a(dyn_bits.o)
 .rodata        0x0422a3f4      0x400 include_lib/liba/dv17/aac_enc_lib.a(oper_32b.o)
 .rodata        0x0422a7f4       0x32 include_lib/liba/dv17/aac_enc_lib.a(psy_configuration.o)
 .rodata        0x0422a826      0x281 C:\JL\pi32\pi32v2-lib\r3\libc.a(lib_a-ctype_.o)
                0x0422a9a6                _ctype_
 *fill*         0x0422aaa7        0x1 
 .rodata        0x0422aaa8        0x4 C:\JL\pi32\pi32v2-lib\r3\libc.a(lib_a-impure.o)
                0x0422aaa8                _global_impure_ptr
 .rodata.str1.1
                0x0422aaac        0x0 C:\JL\pi32\pi32v2-lib\r3\libc.a(lib_a-impure.o)
                                  0x2 (size before relaxing)
 *(.jlsp_code)
                0x0422aaac                . = ALIGN (0x4)
                0x0422aaac                _text_rodata_end = .
                [!provide]                PROVIDE (text_rodata_end, .)
                0x00000000                PROVIDE (ctors_count, (_ctors_end - _ctors_begin))

.data           0x0422aaac    0x3a41c
 *(.stack)
 .stack         0x0422aaac    0x20000 include_lib/liba/dv17/libcpu.a(startup.S.o)
                0x0422eaac                _stack_cpu0
                0x04236aac                _stack_cpu1
                0x0423aaac                _stack1_cpu1
                0x0423eaac                _stack_cpu2
                0x04242aac                _stack1_cpu2
                0x04246aac                _stack_cpu3
                0x0424aaac                _stack1_cpu3
                0x0424aac0                . = ALIGN (0x20)
 *fill*         0x0424aaac       0x14 
 *(.data)
 .data          0x0424aac0    0x16764 cpu\dv17\tools\sdk.elf.o
 .data          0x04261224        0x4 C:\JL\pi32\pi32v2-lib\r3\libc.a(lib_a-ctype_.o)
                0x04261224                __ctype_ptr__
 .data          0x04261228      0x41c C:\JL\pi32\pi32v2-lib\r3\libc.a(lib_a-impure.o)
                0x04261228                _impure_ptr
                0x04261644                . = ALIGN (0x4)
                0x04261644                vfs_ops_begin = .
 *(.vfs_operations)
 .vfs_operations
                0x04261644      0x1f4 cpu\dv17\tools\sdk.elf.o
                0x04261644                sdfile_vfs_ops
                0x042616a8                devfs_vfs_ops
                0x0426170c                fat_vfs_ops
                0x04261770                ramfs_vfs_ops
                0x042617d4                fatfs_ops
                0x04261838                vfs_ops_end = .
                0x04261838                _lcd_device_begin = .
                [!provide]                PROVIDE (lcd_device_begin, .)
 *(.lcd_device)
 .lcd_device    0x04261838      0x3d8 cpu\dv17\tools\sdk.elf.o
                0x04261c10                _lcd_device_end = .
                [!provide]                PROVIDE (lcd_device_end, .)
                0x04261c10                _lcd_device_drive_begin = .
                0x04261c10                PROVIDE (lcd_device_drive_begin, .)
 *(.lcd_device_drive)
 .lcd_device_drive
                0x04261c10       0x38 cpu\dv17\tools\sdk.elf.o
                0x04261c48                _lcd_device_drive_end = .
                0x04261c48                PROVIDE (lcd_device_drive_end, .)
                0x04261c48                _gsensor_dev_begin = .
                [!provide]                PROVIDE (gsensor_dev_begin, .)
 *(.gsensor_dev)
                0x04261c48                _gsensor_dev_end = .
                [!provide]                PROVIDE (gsensor_dev_end, .)
                0x04261c48                _touch_panel_dev_begin = .
                [!provide]                PROVIDE (touch_panel_dev_begin, .)
 *(.touch_panel_dev)
                0x04261c48                _touch_panel_dev_end = .
                [!provide]                PROVIDE (touch_panel_dev_end, .)
                0x04261c48                _isp_scr_begin = .
                0x04261c48                PROVIDE (isp_scr_begin, .)
 *(.isp_scr_work)
 .isp_scr_work  0x04261c48       0x20 cpu\dv17\tools\sdk.elf.o
                0x04261c68                _isp_scr_end = .
                0x04261c68                PROVIDE (isp_scr_end, .)
                0x04261c68                _power_dev_begin = .
                [!provide]                PROVIDE (power_dev_begin, .)
 *(.power_dev)
                0x04261c68                _power_dev_end = .
                [!provide]                PROVIDE (power_dev_end, .)
                0x04261c68                _eth_phy_device_begin = .
                [!provide]                PROVIDE (eth_phy_device_begin, .)
 *(.eth_phy_device)
                0x04261c68                _eth_phy_device_end = .
                [!provide]                PROVIDE (eth_phy_device_end, .)
                0x04261c68                _ui_style_begin = .
                0x04261c68                PROVIDE (ui_style_begin, .)
 *(.ui_style)
 .ui_style      0x04261c68       0x24 cpu\dv17\tools\sdk.elf.o
                0x04261c8c                _ui_style_end = .
                0x04261c8c                PROVIDE (ui_style_end, .)
                0x04261c8c                _elm_event_handler_begin_UPGRADE = .
                0x04261c8c                PROVIDE (elm_event_handler_begin_UPGRADE, .)
 *(.elm_event_handler_UPGRADE)
 .elm_event_handler_UPGRADE
                0x04261c8c       0x10 cpu\dv17\tools\sdk.elf.o
                0x04261c9c                _elm_event_handler_end_UPGRADE = .
                0x04261c9c                PROVIDE (elm_event_handler_end_UPGRADE, .)
                0x04261c9c                _elm_event_handler_begin_JL02 = .
                [!provide]                PROVIDE (elm_event_handler_begin_JL02, .)
 *(.elm_event_handler_JL02)
                0x04261c9c                _elm_event_handler_end_JL02 = .
                [!provide]                PROVIDE (elm_event_handler_end_JL02, .)
                0x04261c9c                _elm_event_handler_begin_ANI = .
                0x04261c9c                PROVIDE (elm_event_handler_begin_ANI, .)
 *(.elm_event_handler_ANI)
 .elm_event_handler_ANI
                0x04261c9c       0x20 cpu\dv17\tools\sdk.elf.o
                0x04261cbc                _elm_event_handler_end_ANI = .
                0x04261cbc                PROVIDE (elm_event_handler_end_ANI, .)
                0x04261cbc                _elm_event_handler_begin_LY = .
                0x04261cbc                PROVIDE (elm_event_handler_begin_LY, .)
 *(.elm_event_handler_LY)
 .elm_event_handler_LY
                0x04261cbc      0x7f0 cpu\dv17\tools\sdk.elf.o
                0x042624ac                _elm_event_handler_end_LY = .
                0x042624ac                PROVIDE (elm_event_handler_end_LY, .)
                0x042624ac                _control_event_handler_begin = .
                [!provide]                PROVIDE (control_event_handler_begin, .)
 *(.control_event_handler)
                0x042624ac                _control_event_handler_end = .
                [!provide]                PROVIDE (control_event_handler_end, .)
                0x042624ac                _control_ops_begin = .
                0x042624ac                PROVIDE (control_ops_begin, .)
 *(.control_ops)
 .control_ops   0x042624ac       0x78 cpu\dv17\tools\sdk.elf.o
                0x04262524                _control_ops_end = .
                0x04262524                PROVIDE (control_ops_end, .)
                0x04262524                _vg_event_handler_begin = .
                [!provide]                PROVIDE (vg_event_handler_begin, .)
 *(.vg_event_handler)
                0x04262524                _vg_event_handler_end = .
                [!provide]                PROVIDE (vg_event_handler_end, .)
                0x04262524                _on_show_map_begin = .
                [!provide]                PROVIDE (on_show_map_begin, .)
 *(.on_show_map)
                0x04262524                _on_show_map_end = .
                [!provide]                PROVIDE (on_show_map_end, .)
                0x04262524                _on_click_map_begin = .
                [!provide]                PROVIDE (on_click_map_begin, .)
 *(.on_click_map)
                0x04262524                _on_click_map_end = .
                [!provide]                PROVIDE (on_click_map_end, .)
                0x04262524                _on_touch_map_begin = .
                [!provide]                PROVIDE (on_touch_map_begin, .)
 *(.on_touch_map)
                0x04262524                _on_touch_map_end = .
                [!provide]                PROVIDE (on_touch_map_end, .)
                0x04262524                _on_change_map_begin = .
                [!provide]                PROVIDE (on_change_map_begin, .)
 *(.on_change_map)
                0x04262524                _on_change_map_end = .
                [!provide]                PROVIDE (on_change_map_end, .)
                0x04262524                _on_key_map_begin = .
                [!provide]                PROVIDE (on_key_map_begin, .)
 *(.on_key_map)
                0x04262524                _on_key_map_end = .
                [!provide]                PROVIDE (on_key_map_end, .)
                0x04262524                _img_loader_begin = .
                [!provide]                PROVIDE (img_loader_begin, .)
 *(.img_loader)
                0x04262524                _img_loader_end = .
                [!provide]                PROVIDE (img_loader_end, .)
                0x04262524                _battery_notify_begin = .
                [!provide]                PROVIDE (battery_notify_begin, .)
 *(.battery_notify)
                0x04262524                _battery_notify_end = .
                [!provide]                PROVIDE (battery_notify_end, .)
                0x04262524                _lib_version_begin = .
                [!provide]                PROVIDE (lib_version_begin, .)
 *(.lib_version)
 .lib_version   0x04262524       0x2c cpu\dv17\tools\sdk.elf.o
                0x04262524                __version_sdfile
                0x04262528                __version_upgrade_server
                0x0426252c                __version_server_core
                0x04262530                __version_ui_server
                0x04262534                __version_video_engine_server
                0x04262538                __version_usb_server
                0x0426253c                __version_video_dec_server
                0x04262540                __version_vunpkg_server
                0x04262544                __version_video_server
                0x04262548                __version_vpkg_server
                0x0426254c                __version_audio_server
                0x04262550                _lib_version_end = .
                [!provide]                PROVIDE (lib_version_end, .)
                0x04262550                _sys_version_begin = .
                0x04262550                PROVIDE (sys_version_begin, .)
 *(.sys.version)
 .sys.version   0x04262550       0x21 include_lib/liba/dv17/libcommon.a(version.z.o)
                0x04262550                lib_common_version
 .sys.version   0x04262571       0x1f include_lib/liba/dv17/librtos.a(version.z.o)
                0x04262571                lib_rtos_version
 .sys.version   0x04262590       0x1e include_lib/liba/dv17/libsdx.a(version.z.o)
                0x04262590                lib_sdx_version
 .sys.version   0x042625ae       0x1e include_lib/liba/dv17/libres.a(version.z.o)
                0x042625ae                lib_res_version
 .sys.version   0x042625cc       0x2c include_lib/liba/dv17/libusb.a(version.z.o)
                0x042625cc                lib_usb_version
 .sys.version   0x042625f8       0x1d include_lib/liba/dv17/libfs.a(version.z.o)
                0x042625f8                lib_fs_version
 .sys.version   0x04262615       0x2e include_lib/liba/dv17/libupgrade.a(version.z.o)
                0x04262615                lib_sys_upgrade_version
 .sys.version   0x04262643       0x1f include_lib/liba/dv17/libfont.a(version.z.o)
                0x04262643                lib_font_version
 .sys.version   0x04262662       0x26 include_lib/liba/dv17/libserver_core.a(version.z.o)
                0x04262662                lib_server_core_version
 .sys.version   0x04262688       0x24 include_lib/liba/dv17/libui_server.a(version.z.o)
                0x04262688                lib_ui_server_version
 .sys.version   0x042626ac       0x2e include_lib/liba/dv17/libvideo_engine_server.a(version.z.o)
                0x042626ac                lib_video_engine_server_version
 .sys.version   0x042626da       0x25 include_lib/liba/dv17/libusb_server.a(version.z.o)
                0x042626da                lib_usb_server_version
 .sys.version   0x042626ff       0x39 include_lib/liba/dv17/libvideo_dec_server.a(version.z.o)
                0x042626ff                lib_video_dec_server_version
 .sys.version   0x04262738       0x33 include_lib/liba/dv17/libvideo_rec_server.a(version.z.o)
                0x04262738                lib_video_rec_server_version
 .sys.version   0x0426276b       0x35 include_lib/liba/dv17/libaudio_server.a(version.z.o)
                0x0426276b                lib_audio_server_version
 .sys.version   0x042627a0       0x1d include_lib/liba/dv17/libvm.a(version.z.o)
                0x042627a0                lib_vm_version
 .sys.version   0x042627bd       0x23 include_lib/liba/dv17/libdlmalloc.a(version.z.o)
                0x042627bd                lib_dlmalloc_version
 .sys.version   0x042627e0       0x1e include_lib/liba/dv17/libh264.a(version.z.o)
                0x042627e0                lib_h264_version
 .sys.version   0x042627fe       0x1f include_lib/liba/dv17/libjpeg.a(version.z.o)
                0x042627fe                lib_jpeg_version
 .sys.version   0x0426281d       0x1e include_lib/liba/dv17/libdev.a(version.z.o)
                0x0426281d                lib_dev_version
 .sys.version   0x0426283b       0x26 include_lib/liba/dv17/libui.a(version.z.o)
                0x0426283b                lib_ui_version
 .sys.version   0x04262861       0x38 include_lib/liba/dv17/libvideo_framework.a(version.z.o)
                0x04262861                lib_video_framework_version
 .sys.version   0x04262899       0x1e include_lib/liba/dv17/libsys.a(version.z.o)
                0x04262899                lib_sys_version
 .sys.version   0x042628b7       0x2c include_lib/liba/dv17/libcpu.a(version.z.o)
                0x042628b7                lib_cpu_version
 .sys.version   0x042628e3       0x1e include_lib/liba/dv17/libisp.a(version.z.o)
                0x042628e3                lib_isp_version
 .sys.version   0x04262901       0x1e include_lib/liba/dv17/liblog.a(version.z.o)
                0x04262901                lib_log_version
 .sys.version   0x0426291f       0x1e include_lib/liba/dv17/libhsm.a(version.z.o)
                0x0426291f                lib_hsm_version
 .sys.version   0x0426293d       0x2c include_lib/liba/dv17/libsdio_card.a(version.z.o)
                0x0426293d                lib_sdio_card_version
 .sys.version   0x04262969       0x23 include_lib/liba/dv17/libwifi_dev.a(version.z.o)
                0x04262969                lib_wifi_dev_version
 .sys.version   0x0426298c       0x22 include_lib/liba/dv17/libmbedtls.a(version.z.o)
                0x0426298c                lib_mbedtls_version
 .sys.version   0x042629ae       0x1f include_lib/liba/dv17/libjson.a(version.z.o)
                0x042629ae                lib_json_version
 .sys.version   0x042629cd       0x25 include_lib/liba/dv17/libnet_server.a(version.z.o)
                0x042629cd                lib_net_server_version
 .sys.version   0x042629f2       0x26 include_lib/liba/dv17/libhttp_server.a(version.z.o)
                0x042629f2                lib_http_server_version
 .sys.version   0x04262a18       0x22 include_lib/liba/dv17/libhttp_cli.a(version.z.o)
                0x04262a18                lib_httpcli_version
 .sys.version   0x04262a3a       0x20 include_lib/liba/dv17/libiperf.a(version.z.o)
                0x04262a3a                lib_iperf_version
 .sys.version   0x04262a5a       0x1f include_lib/liba/dv17/librtsp.a(version.z.o)
                0x04262a5a                lib_rtsp_version
 .sys.version   0x04262a79       0x1f include_lib/liba/dv17/libftpd.a(version.z.o)
                0x04262a79                lib_ftpd_version
 .sys.version   0x04262a98       0x1f include_lib/liba/dv17/libcurl.a(version.z.o)
                0x04262a98                lib_curl_version
 .sys.version   0x04262ab7       0x31 include_lib/liba/dv17/librtl8189f.a(version.z.o)
                0x04262ab7                lib_rtl8189f_version
 .sys.version   0x04262ae8       0x25 include_lib/liba/dv17/libhostapd_wpa.a(version.z.o)
                0x04262ae8                lib_hostap_wap_version
                0x04262b0d                _sys_version_end = .
                0x04262b0d                PROVIDE (sys_version_end, .)
                0x04262b10                . = ALIGN (0x4)
 *fill*         0x04262b0d        0x3 
                0x04262b10                _initcall_begin = .
                0x04262b10                PROVIDE (initcall_begin, .)
 *(.initcall)
 .initcall      0x04262b10       0x18 cpu\dv17\tools\sdk.elf.o
                0x04262b10                __initcall_app_config_init
                0x04262b14                __initcall_video_engine_server_init
                0x04262b18                __initcall_usb_server_init
                0x04262b1c                __initcall_video_server_init
                0x04262b20                __initcall_vpkg_server_init
                0x04262b24                __initcall_log_time_init
                0x04262b28                _initcall_end = .
                0x04262b28                PROVIDE (initcall_end, .)
                0x04262b28                _early_initcall_begin = .
                0x04262b28                PROVIDE (early_initcall_begin, .)
 *(.early.initcall)
 .early.initcall
                0x04262b28       0x34 cpu\dv17\tools\sdk.elf.o
                0x04262b28                __initcall___sd_mutex_init
                0x04262b2c                __initcall_cloud_upgrade_init
                0x04262b30                __initcall_app_version_check
                0x04262b34                __initcall___mutex_init
                0x04262b38                __initcall_sys_event_init
                0x04262b3c                __initcall_wait_completion_init
                0x04262b40                __initcall___crc16_mutex_init
                0x04262b44                __initcall_dma_copy_init
                0x04262b48                __initcall_port_wakeup_init
                0x04262b4c                __initcall_timer1_init
                0x04262b50                __initcall___sfc_spi0_mutex_init
                0x04262b54                __initcall_lvds_analog_uninit
                0x04262b58                __initcall_timer_cap_init
                0x04262b5c                _early_initcall_end = .
                0x04262b5c                PROVIDE (early_initcall_end, .)
                0x04262b5c                _late_initcall_begin = .
                0x04262b5c                PROVIDE (late_initcall_begin, .)
 *(.late.initcall)
 .late.initcall
                0x04262b5c       0x2c cpu\dv17\tools\sdk.elf.o
                0x04262b5c                __initcall_aec_dns_init
                0x04262b60                __initcall_usb_user_mutex_init
                0x04262b64                __initcall_cloud_playback_mutex_init
                0x04262b68                __initcall_vflist_mutex_init
                0x04262b6c                __initcall_strm_video_rec_init
                0x04262b70                __initcall_wireless_net_init
                0x04262b74                __initcall_usb0_init
                0x04262b78                __initcall_usb1_init
                0x04262b7c                __initcall_init_application
                0x04262b80                __initcall_sys_timer_init
                0x04262b84                __initcall_fenice_sem_init
                0x04262b88                _late_initcall_end = .
                0x04262b88                PROVIDE (late_initcall_end, .)
                0x04262b88                _platform_initcall_begin = .
                0x04262b88                PROVIDE (platform_initcall_begin, .)
 *(.platform.initcall)
 .platform.initcall
                0x04262b88        0x8 cpu\dv17\tools\sdk.elf.o
                0x04262b88                __initcall_adc_scan_init
                0x04262b8c                __initcall_register_fbinfo
                0x04262b90                _platform_initcall_end = .
                0x04262b90                PROVIDE (platform_initcall_end, .)
                0x04262b90                _module_initcall_begin = .
                0x04262b90                PROVIDE (module_initcall_begin, .)
 *(.module.initcall)
 .module.initcall
                0x04262b90        0x4 cpu\dv17\tools\sdk.elf.o
                0x04262b90                __initcall_thread_fork_init
                0x04262b94                _module_initcall_end = .
                0x04262b94                PROVIDE (module_initcall_end, .)
                0x04262b94                _sys_event_handler_begin = .
                0x04262b94                PROVIDE (sys_event_handler_begin, .)
 *(.sys_event.4.handler)
 .sys_event.4.handler
                0x04262b94       0x10 cpu\dv17\tools\sdk.elf.o
                0x04262b94                __event_handler_backlight_charge_event_handler
                0x04262b9c                __event_handler_backlight_event_handler
 *(.sys_event.3.handler)
 .sys_event.3.handler
                0x04262ba4        0x8 cpu\dv17\tools\sdk.elf.o
                0x04262ba4                __event_handler_key_event_handler
 *(.sys_event.2.handler)
 *(.sys_event.1.handler)
 *(.sys_event.0.handler)
 .sys_event.0.handler
                0x04262bac       0x28 cpu\dv17\tools\sdk.elf.o
                0x04262bac                __event_handler_device_event_handler
                0x04262bb4                __event_handler_cloud_list_device_event_handler
                0x04262bbc                __event_handler_msg_device_event_handler
                0x04262bc4                __event_handler_uvc_device_event_handler
                0x04262bcc                __event_handler_sys_power_event_handler
                0x04262bd4                _sys_event_handler_end = .
                0x04262bd4                PROVIDE (sys_event_handler_end, .)
                0x04262bd4                _syscfg_arg_begin = .
                [!provide]                PROVIDE (syscfg_arg_begin, .)
 *(.syscfg.arg)
                0x04262bd4                _syscfg_arg_end = .
                [!provide]                PROVIDE (syscfg_arg_end, .)
                0x04262bd4                _syscfg_handler_begin = .
                [!provide]                PROVIDE (syscfg_handler_begin, .)
 *(.syscfg.handler)
                0x04262bd4                _syscfg_handler_end = .
                [!provide]                PROVIDE (syscfg_handler_end, .)
                0x04262bd4                _server_info_begin = .
                0x04262bd4                PROVIDE (server_info_begin, .)
 *(.server_info)
 .server_info   0x04262bd4       0xb0 cpu\dv17\tools\sdk.elf.o
                0x04262bd4                upgrade_server_info
                0x04262be4                ui_server_info
                0x04262bf4                video_engine_server_info
                0x04262c04                usb_server_info
                0x04262c14                video_dec_server_info
                0x04262c24                video_preview_server_info
                0x04262c34                vunpkg_server_info
                0x04262c44                video_server_info
                0x04262c54                vpkg_server_info
                0x04262c64                audio_server_info
                0x04262c74                ctp_server_info
                0x04262c84                _server_info_end = .
                0x04262c84                PROVIDE (server_info_end, .)
                0x04262c84                _app_begin = .
                0x04262c84                PROVIDE (app_begin, .)
 *(.app)
 .app           0x04262c84       0xe0 cpu\dv17\tools\sdk.elf.o
                0x04262d64                _app_end = .
                0x04262d64                PROVIDE (app_end, .)
                0x04262d64                _bus_device_begin = .
                [!provide]                PROVIDE (bus_device_begin, .)
 *(.bus_device)
 .bus_device    0x04262d64        0x8 cpu\dv17\tools\sdk.elf.o
                0x04262d64                buf_dev_imb
                0x04262d6c                _bus_device_end = .
                [!provide]                PROVIDE (bus_device_end, .)
                0x04262d6c                _sys_power_hal_ops_begin = .
                0x04262d6c                PROVIDE (sys_power_hal_ops_begin, .)
 *(.sys_power_hal_ops)
 .sys_power_hal_ops
                0x04262d6c       0x20 cpu\dv17\tools\sdk.elf.o
                0x04262d8c                _sys_power_hal_ops_end = .
                [!provide]                PROVIDE (sys_power_hal_ops_end, .)
                0x04262da0                . = ALIGN (0x20)
 *fill*         0x04262d8c       0x14 
                0x04262da0                _camera_dev_begin = .
                0x04262da0                PROVIDE (camera_dev_begin, .)
 *(.camera_dev)
 .camera_dev    0x04262da0      0xb48 cpu\dv17\tools\sdk.elf.o
                0x042638e8                _camera_dev_end = .
                0x042638e8                PROVIDE (camera_dev_end, .)
                0x042638e8                _adc_scan_begin = .
                0x042638e8                PROVIDE (adc_scan_begin, .)
 *(.adc_scan)
 .adc_scan      0x042638e8       0x20 cpu\dv17\tools\sdk.elf.o
                0x04263908                _adc_scan_end = .
                0x04263908                PROVIDE (adc_scan_end, .)
                0x04263908                _spi_device_begin = .
                [!provide]                PROVIDE (spi_device_begin, .)
 *(.spi_device)
                0x04263908                _spi_device_end = .
                [!provide]                PROVIDE (spi_device_end, .)
                0x04263920                . = ALIGN (0x20)
 *fill*         0x04263908       0x18 
                0x04263920                _device_node_begin = .
                0x04263920                PROVIDE (device_node_begin, .)
 *(.device)
 .device        0x04263920      0x174 cpu\dv17\tools\sdk.elf.o
                0x04263920                device_table
                0x04263a88                virtual_audio_dev
                0x04263a94                _device_node_end = .
                0x04263a94                PROVIDE (device_node_end, .)
                0x04263a94                _video_subdev_begin = .
                [!provide]                PROVIDE (video_subdev_begin, .)
 *(.video_subdev.0)
 .video_subdev.0
                0x04263a94       0x28 cpu\dv17\tools\sdk.elf.o
                0x04263a94                camera_subdev
                0x04263aa8                djpeg_subdev
 *(.video_subdev.1)
 .video_subdev.1
                0x04263abc       0x14 cpu\dv17\tools\sdk.elf.o
                0x04263abc                fb_video_device
 *(.video_subdev.2)
 *(.video_subdev.3)
 .video_subdev.3
                0x04263ad0       0x14 cpu\dv17\tools\sdk.elf.o
                0x04263ad0                yuv_encode_subdev
 *(.video_subdev.4)
 *(.video_subdev.5)
                0x04263ae4                _video_subdev_end = .
                [!provide]                PROVIDE (video_subdev_end, .)
                0x04263ae4                _audio_subdev_begin = .
                0x04263ae4                PROVIDE (audio_subdev_begin, .)
 *(.audio_subdev.0)
 .audio_subdev.0
                0x04263ae4       0x30 cpu\dv17\tools\sdk.elf.o
                0x04263ae4                subdev_aac_enc
                0x04263af0                subdev_dac
                0x04263afc                subdev_iis_dec
                0x04263b08                subdev_user_dec
 *(.audio_subdev.1)
 .audio_subdev.1
                0x04263b14        0xc cpu\dv17\tools\sdk.elf.o
                0x04263b14                subdev_pcm_enc
 *(.audio_subdev.2)
 .audio_subdev.2
                0x04263b20       0x30 cpu\dv17\tools\sdk.elf.o
                0x04263b20                subdev_adc
                0x04263b2c                subdev_iis_enc
                0x04263b38                subdev_plnk
                0x04263b44                subdev_user_enc
 *(.audio_subdev.3)
                0x04263b50                _audio_subdev_end = .
                0x04263b50                PROVIDE (audio_subdev_end, .)
                0x04263b50                _iic_device_begin = .
                0x04263b50                PROVIDE (iic_device_begin, .)
 *(.iic)
 .iic           0x04263b50       0x28 cpu\dv17\tools\sdk.elf.o
                0x04263b78                _iic_device_end = .
                0x04263b78                PROVIDE (iic_device_end, .)
                0x04263b78                _avin_spi_device_begin = .
                0x04263b78                PROVIDE (avin_spi_device_begin, .)
 *(.sw_spi)
 .sw_spi        0x04263b78       0x6c cpu\dv17\tools\sdk.elf.o
                0x04263be4                _avin_spi_device_end = .
                0x04263be4                PROVIDE (avin_spi_device_end, .)
                0x04263be4                _video_dev_begin = .
                0x04263be4                PROVIDE (video_dev_begin, .)
 *(.video_device)
 .video_device  0x04263be4      0x1f8 cpu\dv17\tools\sdk.elf.o
                0x04263ddc                _video_dev_end = .
                0x04263ddc                PROVIDE (video_dev_end, .)
                0x04263ddc                _uart_device_begin = .
                0x04263ddc                PROVIDE (uart_device_begin, .)
 *(.uart)
 .uart          0x04263ddc      0x150 cpu\dv17\tools\sdk.elf.o
                0x04263f2c                _uart_device_end = .
                0x04263f2c                PROVIDE (uart_device_end, .)
                0x04263f40                . = ALIGN (0x20)
 *fill*         0x04263f2c       0x14 
                0x04263f40                _key_driver_begin = .
                0x04263f40                PROVIDE (key_driver_begin, .)
 *(.key_driver)
 .key_driver    0x04263f40       0x3c cpu\dv17\tools\sdk.elf.o
                0x04263f7c                _key_driver_end = .
                0x04263f7c                PROVIDE (key_driver_end, .)
                0x04263f7c                _touch_driver_begin = .
                [!provide]                PROVIDE (touch_driver_begin, .)
 *(.touch_driver)
                0x04263f7c                _touch_driver_end = .
                [!provide]                PROVIDE (touch_driver_end, .)
                0x04263f7c                _static_hi_timer_begin = .
                0x04263f7c                PROVIDE (static_hi_timer_begin, .)
 *(.hi_timer)
                0x04263f7c                _static_hi_timer_end = .
                0x04263f7c                PROVIDE (static_hi_timer_end, .)
                0x04263f7c                _sys_cpu_timer_begin = .
                0x04263f7c                PROVIDE (sys_cpu_timer_begin, .)
 *(.sys_cpu_timer)
 .sys_cpu_timer
                0x04263f7c       0x10 cpu\dv17\tools\sdk.elf.o
                0x04263f7c                cpu_timer2
                0x04263f8c                _sys_cpu_timer_end = .
                0x04263f8c                PROVIDE (sys_cpu_timer_end, .)
                0x04263f8c                _sys_config_begin = .
                [!provide]                PROVIDE (sys_config_begin, .)
 *(.sys_cfg)
                0x04263f8c                _sys_config_end = .
                [!provide]                PROVIDE (sys_config_end, .)
                0x04263f8c                _audio_decoder_begin = .
                0x04263f8c                PROVIDE (audio_decoder_begin, .)
 *(.audio_decoder)
 .audio_decoder
                0x04263f8c       0x3c cpu\dv17\tools\sdk.elf.o
                0x04263f8c                pcm_decoder_ops
                0x04263fa0                adpcm_decoder_ops
                0x04263fb4                m4a_decoder
                0x04263fc8                _audio_decoder_end = .
                0x04263fc8                PROVIDE (audio_decoder_end, .)
                0x04263fc8                _ethernet_device_begin = .
                [!provide]                PROVIDE (ethernet_device_begin, .)
 *(.ethernet_device)
 *(.eth_phy_device)
                0x04263fc8                _ethernet_device_end = .
                [!provide]                PROVIDE (ethernet_device_end, .)
                0x04263fc8                _ctp_mapping_tab_begin = .
                0x04263fc8                PROVIDE (ctp_mapping_tab_begin, .)
                0x04263fc8                _ctp_mapping_tab_system_cmd_begin = .
                [!provide]                PROVIDE (ctp_mapping_tab_system_cmd_begin, .)
 *(.ctp_system_cmd)
 .ctp_system_cmd
                0x04263fc8      0x258 cpu\dv17\tools\sdk.elf.o
                0x04263fc8                ctp_system_cmd_tab
                0x04264220                _ctp_mapping_tab_system_cmd_end = .
                [!provide]                PROVIDE (ctp_mapping_tab_system_cmd_end, .)
                0x04264220                _ctp_mapping_tab_video_cmd_begin = .
                [!provide]                PROVIDE (ctp_mapping_tab_video_cmd_begin, .)
 *(.ctp_video_cmd)
 .ctp_video_cmd
                0x04264220      0x230 cpu\dv17\tools\sdk.elf.o
                0x04264220                ctp_video_cmd_tab
                0x04264450                _ctp_mapping_tab_video_cmd_end = .
                [!provide]                PROVIDE (ctp_mapping_tab_video_cmd_end, .)
                0x04264450                _ctp_mapping_tab_photo_cmd_begin = .
                [!provide]                PROVIDE (ctp_mapping_tab_photo_cmd_begin, .)
 *(.ctp_photo_cmd)
 .ctp_photo_cmd
                0x04264450       0x3c cpu\dv17\tools\sdk.elf.o
                0x04264450                ctp_photo_cmd_tab
                0x0426448c                _ctp_mapping_tab_photo_cmd_end = .
                [!provide]                PROVIDE (ctp_mapping_tab_photo_cmd_end, .)
                0x0426448c                _ctp_mapping_tab_end = .
                0x0426448c                PROVIDE (ctp_mapping_tab_end, .)
                0x0426448c                _net_video_stream_sub_begin = .
                0x0426448c                PROVIDE (net_video_stream_sub_begin, .)
 *(.net_video_stream)
 .net_video_stream
                0x0426448c       0xa8 cpu\dv17\tools\sdk.elf.o
                0x04264534                _net_video_stream_sub_end = .
                0x04264534                PROVIDE (net_video_stream_sub_end, .)
                0x0426454c                . = (((. + 0x1f) / 0x20) * 0x20)
 *fill*         0x04264534       0x18 
                0x0426454c                _layer_buf_begin = .
                0x0426454c                PROVIDE (layer_buf_begin, .)
 *(.layer_buf_t)
                0x0426454c                _layer_buf_end = .
                0x0426454c                PROVIDE (layer_buf_end, .)
                0x0426454c                . = (((. + 0x1f) / 0x20) * 0x20)
                0x0426454c                _font_info_begin = .
                0x0426454c                PROVIDE (font_info_begin, .)
 *(.font_info_t)
 .font_info_t   0x0426454c      0x8fc cpu\dv17\tools\sdk.elf.o
                0x04264e48                _font_info_end = .
                0x04264e48                PROVIDE (font_info_end, .)
                0x04264e4c                . = (((. + 0x1f) / 0x20) * 0x20)
 *fill*         0x04264e48        0x4 
                0x04264e4c                _screen_tool_info_begin = .
                0x04264e4c                PROVIDE (screen_tool_info_begin, .)
 *(.screen_tool_info)
 .screen_tool_info
                0x04264e4c       0x1c cpu\dv17\tools\sdk.elf.o
                0x04264e4c                screen
                0x04264e68                _screen_tool_info_end = .
                [!provide]                PROVIDE (screen_tool_info_end, .)
                0x04264e68                _pwm_device_begin = .
                0x04264e68                PROVIDE (pwm_device_begin, .)
 *(.pwm_dev)
 .pwm_dev       0x04264e68       0x60 cpu\dv17\tools\sdk.elf.o
                0x04264e68                pwm
                0x04264e88                tpwm
                0x04264ea8                pwm8
                0x04264ec8                _pwm_device_end = .
                0x04264ec8                PROVIDE (pwm_device_end, .)
                0x04264ec8                _wireless_driver_begin = .
                [!provide]                PROVIDE (wireless_driver_begin, .)
 *(.wireless_driver)
                0x04264ec8                _wireless_driver_end = .
                [!provide]                PROVIDE (wireless_driver_end, .)
 *(.m4a_dec_lib.text)
                0x04264ec8                . = ALIGN (0x4)
 *(.jlsp_const)
                0x04264ec8                . = ALIGN (0x4)
 *(.jlsp_data)
                0x04264ec8                . = ALIGN (0x4)
 *(.dns_common_data)
                0x04264ec8                . = ALIGN (0x4)
 *(.dns_16k_data)
                0x04264ec8                . = ALIGN (0x4)
 *(.dns_8k_data)
                0x04264ec8                . = ALIGN (0x4)
 *(.dns_param_data_single)

syscall         0x04264ed0      0x240
                [!provide]                PROVIDE (__start_syscall, .)
 syscall        0x04264ed0      0x240 cpu\dv17\tools\sdk.elf.o
                0x04264ed0                syscall_avsdk_fini
                0x04264ee0                syscall_avsdk_report_NetworkQuality_test
                0x04264ef0                syscall_avsdk_start
                0x04264f00                syscall_avsdk_stop
                0x04264f10                syscall_avsdk_unbind
                0x04264f20                syscall_cli_avsdk_alert_get_list
                0x04264f30                syscall_cli_avsdk_alert_set_read
                0x04264f40                syscall_cli_avsdk_call_user_end
                0x04264f50                syscall_cli_avsdk_call_user_start
                0x04264f60                syscall_cli_avsdk_get_user_list
                0x04264f70                syscall_cli_avsdk_get_weather
                0x04264f80                syscall_cli_avsdk_local_decode
                0x04264f90                syscall_cli_avsdk_push_bigPpiotcmd
                0x04264fa0                syscall_cli_avsdk_push_ppiotcmd2
                0x04264fb0                syscall_cli_avsdk_qr_netcfg_decode
                0x04264fc0                syscall_cli_connid_arr_dump
                0x04264fd0                syscall_cli_get_wifi_conf
                0x04264fe0                syscall_test_avsdk_broadcast_discovery
                0x04264ff0                syscall_test_avsdk_broadcast_wakeup
                0x04265000                syscall_test_avsdk_report_FileRecvRate
                0x04265010                syscall_test_avsdk_user_AudioPause
                0x04265020                syscall_test_avsdk_user_AudioPlay
                0x04265030                syscall_test_avsdk_user_TalkbackPause
                0x04265040                syscall_test_avsdk_user_TalkbackPlay
                0x04265050                syscall_test_avsdk_user_VideoPause
                0x04265060                syscall_test_avsdk_user_VideoPlay
                0x04265070                syscall_test_avsdk_user_disconn
                0x04265080                syscall_test_conn_tcp_server
                0x04265090                syscall_conn_detect_set
                0x042650a0                syscall_test_avsdk_poll_current_conn_num
                0x042650b0                syscall_osal_log_set_level
                0x042650c0                syscall_osal_mq_sysdump
                0x042650d0                syscall_osal_mtx_sysdump
                0x042650e0                syscall_osal_sem_sysdump
                0x042650f0                syscall_osal_thr_sysdump
                0x04265100                syscall_osal_waitq_sysdump
                [!provide]                PROVIDE (__stop_syscall, .)

.bss            0x04265120   0x4bf0a0
                0x04265120                _system_data_begin = .
 *(.bss)
 *fill*         0x04265120       0xe0 
 .bss           0x04265200   0x42e370 cpu\dv17\tools\sdk.elf.o
                0x043077f0                CurrentTCB
                0x043077f8                highCurrentTCB
 *(COMMON)
 *(.usb_slave_var)
 *(.mem_heap)
 *(.memp_memory_x)
 .memp_memory_x
                0x04693570    0x45c47 cpu\dv17\tools\sdk.elf.o
                0x046d91c0                . = (((. + 0x1f) / 0x20) * 0x20)
 *fill*         0x046d91b7        0x9 
                0x046d91c0                _lcd_dev_buf_addr = .
                0x046d91c0                PROVIDE (lcd_dev_buf_addr, .)
 *(.lcd_dev_buf)
 .lcd_dev_buf   0x046d91c0    0x4b000 cpu\dv17\tools\sdk.elf.o
                0x046d91c0                lcd_dev_buf
                0x047241c0                . = ALIGN (0x4)
                0x047241c0                _system_data_end = .
                0x047241c0                _HEAP_BEGIN = (((. + 0x1f) / 0x20) * 0x20)
                0x047241c0                PROVIDE (HEAP_BEGIN, (((. + 0x1f) / 0x20) * 0x20))
                0x05ffffe0                _HEAP_END = 0x5ffffe0
                0x05ffffe0                PROVIDE (HEAP_END, 0x5ffffe0)
                0x018dbe20                _MALLOC_SIZE = (_HEAP_END - _HEAP_BEGIN)
                [!provide]                PROVIDE (MALLOC_SIZE, (_HEAP_END - _HEAP_BEGIN))
                0x03f00000                . = ORIGIN (ram0)

.ram0_data      0x03f00000      0xd40
                0x03f00000                . = ALIGN (0x20)
                0x03f00000                _VM_CODE_START = .
 *(.vm)
 .vm            0x03f00000      0xbb6 cpu\dv17\tools\sdk.elf.o
                0x03f00bb6                _VM_CODE_END = .
 *(.flushinv_icache)
 .flushinv_icache
                0x03f00bb6       0x20 cpu\dv17\tools\sdk.elf.o
                0x03f00be0                . = ALIGN (0x20)
 *fill*         0x03f00bd6        0xa 
 *(.ram_code)
 .ram_code      0x03f00be0      0x160 cpu\dv17\tools\sdk.elf.o
                0x03f00be0                copy_q7
                0x03f00c5e                c23_tag_init
                0x03f00d40                . = ALIGN (0x20)

.ram0_bss       0x03f00d40     0xefc0
                0x03f00d40                . = ALIGN (0x20)
 *(.sd_var)
 .sd_var        0x03f00d40       0x80 cpu\dv17\tools\sdk.elf.o
                0x03f00d40                sd1_cmd_detect
                0x03f00d60                sd1_host_var
 *(.sram)
 .sram          0x03f00dc0      0x214 cpu\dv17\tools\sdk.elf.o
                0x03f00fc4                mpu_proc
                0x03f00fc8                mpu_reti
                0x03f00fcc                mpu_rets
                0x03f00fd0                mpu_tick
 *(.usb0_fifo)
 *fill*         0x03f00fd4       0x2c 
 .usb0_fifo     0x03f01000     0xe8c0 cpu\dv17\tools\sdk.elf.o
 *(.plnk_buf)
 .plnk_buf      0x03f0f8c0      0x440 cpu\dv17\tools\sdk.elf.o
                0x03f0fd00                . = ALIGN (0x4)
                0x04000000                text_begin = ADDR (.rom_code)
                0x0022aaac                text_size = SIZEOF (.rom_code)
                0x04265120                bss_begin = ADDR (.bss)
                0x004bf0a0                bss_size = SIZEOF (.bss)
                0x004bf0a0                bss_size1 = (_system_data_end - _system_data_begin)
                0x04265120                bss_begin1 = _system_data_begin
                0x0422aaac                data_begin = LOADADDR (.data)
                0x0422aaac                data_addr = ADDR (.data)
                0x0003a41c                data_size = SIZEOF (.data)
                0x0422aaac                data_vma = ADDR (.data)
                0x0422aaac                data_lma = (text_begin + SIZEOF (.rom_code))
                0x03f00d40                _ram0_bss_vma = ADDR (.ram0_bss)
                0x0000efc0                _ram0_bss_size = SIZEOF (.ram0_bss)
                0x03f00000                _ram0_data_vma = ADDR (.ram0_data)
                0x04264ec8                _ram0_data_lma = ((text_begin + SIZEOF (.rom_code)) + SIZEOF (.data))
                0x00000d40                _ram0_data_size = SIZEOF (.ram0_data)
LOAD C:\JL\pi32\pi32v2-lib\r3\libm.a
LOAD C:\JL\pi32\pi32v2-lib\r3\libc.a
LOAD C:\JL\pi32\pi32v2-lib\r3\libm.a
LOAD C:\JL\pi32\pi32v2-lib\r3\libcompiler-rt.a
OUTPUT(cpu\dv17\tools\sdk.elf elf32-pi32v2)

.debug_str      0x00000000    0xb30ff
 .debug_str     0x00000000    0xb013d cpu\dv17\tools\sdk.elf.o
                              0xbe83d (size before relaxing)
 .debug_str     0x000b013d      0xa85 include_lib/liba/dv17/aac_enc_lib.a(AAC_E_SAMPLES.o)
                                0xba4 (size before relaxing)
 .debug_str     0x000b0bc2       0x77 include_lib/liba/dv17/aac_enc_lib.a(aacenc.o)
                                0xb64 (size before relaxing)
 .debug_str     0x000b0c39       0x92 include_lib/liba/dv17/aac_enc_lib.a(aacenc_core.o)
                                0xb62 (size before relaxing)
 .debug_str     0x000b0ccb       0x65 include_lib/liba/dv17/aac_enc_lib.a(bitbuffer.o)
                                0x116 (size before relaxing)
 .debug_str     0x000b0d30      0x31d include_lib/liba/dv17/aac_enc_lib.a(bitenc.o)
                                0x808 (size before relaxing)
 .debug_str     0x000b104d       0x68 include_lib/liba/dv17/aac_enc_lib.a(channel_map.o)
                                0x1af (size before relaxing)
 .debug_str     0x000b10b5      0x183 include_lib/liba/dv17/aac_enc_lib.a(psy_main.o)
                                0x70e (size before relaxing)
 .debug_str     0x000b1238      0x1f7 include_lib/liba/dv17/aac_enc_lib.a(qc_main.o)
                                0xd40 (size before relaxing)
 .debug_str     0x000b142f      0x176 include_lib/liba/dv17/aac_enc_lib.a(quantize.o)
                                0x2a9 (size before relaxing)
 .debug_str     0x000b15a5      0x17e include_lib/liba/dv17/aac_enc_lib.a(sf_estim.o)
                                0x4db (size before relaxing)
 .debug_str     0x000b1723       0x53 include_lib/liba/dv17/aac_enc_lib.a(spreading.o)
                                 0xda (size before relaxing)
 .debug_str     0x000b1776      0x10c include_lib/liba/dv17/aac_enc_lib.a(stat_bits.o)
                                0x2f3 (size before relaxing)
 .debug_str     0x000b1882      0x1a5 include_lib/liba/dv17/aac_enc_lib.a(transform.o)
                                0x2b6 (size before relaxing)
 .debug_str     0x000b1a27      0x2a5 include_lib/liba/dv17/aac_enc_lib.a(aac_rom.o)
                                0x32f (size before relaxing)
 .debug_str     0x000b1ccc      0x566 include_lib/liba/dv17/aac_enc_lib.a(adj_thr.o)
                               0x11e3 (size before relaxing)
 .debug_str     0x000b2232       0xf7 include_lib/liba/dv17/aac_enc_lib.a(band_nrg.o)
                                0x184 (size before relaxing)
 .debug_str     0x000b2329       0x5a include_lib/liba/dv17/aac_enc_lib.a(basicop2.o)
                                 0xe3 (size before relaxing)
 .debug_str     0x000b2383      0x236 include_lib/liba/dv17/aac_enc_lib.a(bit_cnt.o)
                                0x385 (size before relaxing)
 .debug_str     0x000b25b9      0x1f9 include_lib/liba/dv17/aac_enc_lib.a(block_switch.o)
                                0x450 (size before relaxing)
 .debug_str     0x000b27b2      0x294 include_lib/liba/dv17/aac_enc_lib.a(dyn_bits.o)
                                0x64f (size before relaxing)
 .debug_str     0x000b2a46       0x46 include_lib/liba/dv17/aac_enc_lib.a(grp_data.o)
                                0x199 (size before relaxing)
 .debug_str     0x000b2a8c       0xb7 include_lib/liba/dv17/aac_enc_lib.a(interface.o)
                                0x307 (size before relaxing)
 .debug_str     0x000b2b43       0x58 include_lib/liba/dv17/aac_enc_lib.a(line_pe.o)
                                0x326 (size before relaxing)
 .debug_str     0x000b2b9b      0x101 include_lib/liba/dv17/aac_enc_lib.a(ms_stereo.o)
                                0x218 (size before relaxing)
 .debug_str     0x000b2c9c       0xfe include_lib/liba/dv17/aac_enc_lib.a(oper_32b.o)
                                0x1e7 (size before relaxing)
 .debug_str     0x000b2d9a       0x82 include_lib/liba/dv17/aac_enc_lib.a(pre_echo_control.o)
                                0x167 (size before relaxing)
 .debug_str     0x000b2e1c      0x2e3 include_lib/liba/dv17/aac_enc_lib.a(psy_configuration.o)
                                0x55a (size before relaxing)

.debug_loc      0x00000000   0x127e01
 .debug_loc     0x00000000   0x11f68c cpu\dv17\tools\sdk.elf.o
 .debug_loc     0x0011f68c       0xc4 include_lib/liba/dv17/aac_enc_lib.a(AAC_E_SAMPLES.o)
 .debug_loc     0x0011f750       0xf8 include_lib/liba/dv17/aac_enc_lib.a(aacenc.o)
 .debug_loc     0x0011f848       0xd9 include_lib/liba/dv17/aac_enc_lib.a(aacenc_core.o)
 .debug_loc     0x0011f921       0x88 include_lib/liba/dv17/aac_enc_lib.a(bitbuffer.o)
 .debug_loc     0x0011f9a9      0x33e include_lib/liba/dv17/aac_enc_lib.a(bitenc.o)
 .debug_loc     0x0011fce7       0xa6 include_lib/liba/dv17/aac_enc_lib.a(channel_map.o)
 .debug_loc     0x0011fd8d      0x615 include_lib/liba/dv17/aac_enc_lib.a(psy_main.o)
 .debug_loc     0x001203a2      0x40c include_lib/liba/dv17/aac_enc_lib.a(qc_main.o)
 .debug_loc     0x001207ae      0x992 include_lib/liba/dv17/aac_enc_lib.a(quantize.o)
 .debug_loc     0x00121140      0x823 include_lib/liba/dv17/aac_enc_lib.a(sf_estim.o)
 .debug_loc     0x00121963       0x7d include_lib/liba/dv17/aac_enc_lib.a(spreading.o)
 .debug_loc     0x001219e0       0xa3 include_lib/liba/dv17/aac_enc_lib.a(stat_bits.o)
 .debug_loc     0x00121a83      0xc0b include_lib/liba/dv17/aac_enc_lib.a(transform.o)
 .debug_loc     0x0012268e        0x0 include_lib/liba/dv17/aac_enc_lib.a(aac_rom.o)
 .debug_loc     0x0012268e     0x12c3 include_lib/liba/dv17/aac_enc_lib.a(adj_thr.o)
 .debug_loc     0x00123951      0x544 include_lib/liba/dv17/aac_enc_lib.a(band_nrg.o)
 .debug_loc     0x00123e95      0x263 include_lib/liba/dv17/aac_enc_lib.a(basicop2.o)
 .debug_loc     0x001240f8      0xd4f include_lib/liba/dv17/aac_enc_lib.a(bit_cnt.o)
 .debug_loc     0x00124e47      0x529 include_lib/liba/dv17/aac_enc_lib.a(block_switch.o)
 .debug_loc     0x00125370      0x7dc include_lib/liba/dv17/aac_enc_lib.a(dyn_bits.o)
 .debug_loc     0x00125b4c      0x6c1 include_lib/liba/dv17/aac_enc_lib.a(grp_data.o)
 .debug_loc     0x0012620d      0x309 include_lib/liba/dv17/aac_enc_lib.a(interface.o)
 .debug_loc     0x00126516      0x423 include_lib/liba/dv17/aac_enc_lib.a(line_pe.o)
 .debug_loc     0x00126939      0x45e include_lib/liba/dv17/aac_enc_lib.a(ms_stereo.o)
 .debug_loc     0x00126d97      0x809 include_lib/liba/dv17/aac_enc_lib.a(oper_32b.o)
 .debug_loc     0x001275a0      0x17f include_lib/liba/dv17/aac_enc_lib.a(pre_echo_control.o)
 .debug_loc     0x0012771f      0x6e2 include_lib/liba/dv17/aac_enc_lib.a(psy_configuration.o)

.debug_abbrev   0x00000000     0x3893
 .debug_abbrev  0x00000000     0x11d1 cpu\dv17\tools\sdk.elf.o
 .debug_abbrev  0x000011d1       0x28 include_lib/liba/dv17/librtos.a(port_asm.S.o)
 .debug_abbrev  0x000011f9       0x28 include_lib/liba/dv17/libcpu.a(startup.S.o)
 .debug_abbrev  0x00001221      0x155 include_lib/liba/dv17/aac_enc_lib.a(AAC_E_SAMPLES.o)
 .debug_abbrev  0x00001376      0x130 include_lib/liba/dv17/aac_enc_lib.a(aacenc.o)
 .debug_abbrev  0x000014a6      0x129 include_lib/liba/dv17/aac_enc_lib.a(aacenc_core.o)
 .debug_abbrev  0x000015cf       0x9a include_lib/liba/dv17/aac_enc_lib.a(bitbuffer.o)
 .debug_abbrev  0x00001669      0x210 include_lib/liba/dv17/aac_enc_lib.a(bitenc.o)
 .debug_abbrev  0x00001879       0xe9 include_lib/liba/dv17/aac_enc_lib.a(channel_map.o)
 .debug_abbrev  0x00001962      0x1b6 include_lib/liba/dv17/aac_enc_lib.a(psy_main.o)
 .debug_abbrev  0x00001b18      0x250 include_lib/liba/dv17/aac_enc_lib.a(qc_main.o)
 .debug_abbrev  0x00001d68      0x1c1 include_lib/liba/dv17/aac_enc_lib.a(quantize.o)
 .debug_abbrev  0x00001f29      0x1e5 include_lib/liba/dv17/aac_enc_lib.a(sf_estim.o)
 .debug_abbrev  0x0000210e       0xae include_lib/liba/dv17/aac_enc_lib.a(spreading.o)
 .debug_abbrev  0x000021bc      0x10e include_lib/liba/dv17/aac_enc_lib.a(stat_bits.o)
 .debug_abbrev  0x000022ca      0x165 include_lib/liba/dv17/aac_enc_lib.a(transform.o)
 .debug_abbrev  0x0000242f       0x75 include_lib/liba/dv17/aac_enc_lib.a(aac_rom.o)
 .debug_abbrev  0x000024a4      0x297 include_lib/liba/dv17/aac_enc_lib.a(adj_thr.o)
 .debug_abbrev  0x0000273b       0xcf include_lib/liba/dv17/aac_enc_lib.a(band_nrg.o)
 .debug_abbrev  0x0000280a      0x154 include_lib/liba/dv17/aac_enc_lib.a(basicop2.o)
 .debug_abbrev  0x0000295e      0x210 include_lib/liba/dv17/aac_enc_lib.a(bit_cnt.o)
 .debug_abbrev  0x00002b6e      0x1ed include_lib/liba/dv17/aac_enc_lib.a(block_switch.o)
 .debug_abbrev  0x00002d5b      0x1fe include_lib/liba/dv17/aac_enc_lib.a(dyn_bits.o)
 .debug_abbrev  0x00002f59      0x118 include_lib/liba/dv17/aac_enc_lib.a(grp_data.o)